This is XeTeX, Version 3.141592653-2.6-0.999995 (TeX Live 2023) (preloaded format=xelatex 2026.4.9)  14 MAY 2026 15:20
entering extended mode
 restricted \write18 enabled.
 %&-line parsing enabled.
**Neural_Assi3.tex
(./Neural_Assi3.tex
LaTeX2e <2022-11-01> patch level 1
L3 programming layer <2023-02-22>
(/usr/share/texlive/texmf-dist/tex/latex/base/article.cls
Document Class: article 2022/07/02 v1.4n Standard LaTeX document class
(/usr/share/texlive/texmf-dist/tex/latex/base/size12.clo
File: size12.clo 2022/07/02 v1.4n Standard LaTeX file (size option)
)
\c@part=\count181
\c@section=\count182
\c@subsection=\count183
\c@subsubsection=\count184
\c@paragraph=\count185
\c@subparagraph=\count186
\c@figure=\count187
\c@table=\count188
\abovecaptionskip=\skip48
\belowcaptionskip=\skip49
\bibindent=\dimen140
)
(/usr/share/texlive/texmf-dist/tex/latex/geometry/geometry.sty
Package: geometry 2020/01/02 v5.9 Page Geometry

(/usr/share/texlive/texmf-dist/tex/latex/graphics/keyval.sty
Package: keyval 2022/05/29 v1.15 key=value parser (DPC)
\KV@toks@=\toks16
)
(/usr/share/texlive/texmf-dist/tex/generic/iftex/ifvtex.sty
Package: ifvtex 2019/10/25 v1.7 ifvtex legacy package. Use iftex instead.

(/usr/share/texlive/texmf-dist/tex/generic/iftex/iftex.sty
Package: iftex 2022/02/03 v1.0f TeX engine tests
))
\Gm@cnth=\count189
\Gm@cntv=\count190
\c@Gm@tempcnt=\count191
\Gm@bindingoffset=\dimen141
\Gm@wd@mp=\dimen142
\Gm@odd@mp=\dimen143
\Gm@even@mp=\dimen144
\Gm@layoutwidth=\dimen145
\Gm@layoutheight=\dimen146
\Gm@layouthoffset=\dimen147
\Gm@layoutvoffset=\dimen148
\Gm@dimlist=\toks17
)
(/usr/share/texlive/texmf-dist/tex/latex/graphics/graphicx.sty
Package: graphicx 2021/09/16 v1.2d Enhanced LaTeX Graphics (DPC,SPQR)

(/usr/share/texlive/texmf-dist/tex/latex/graphics/graphics.sty
Package: graphics 2022/03/10 v1.4e Standard LaTeX Graphics (DPC,SPQR)

(/usr/share/texlive/texmf-dist/tex/latex/graphics/trig.sty
Package: trig 2021/08/11 v1.11 sin cos tan (DPC)
)
(/usr/share/texlive/texmf-dist/tex/latex/graphics-cfg/graphics.cfg
File: graphics.cfg 2016/06/04 v1.11 sample graphics configuration
)
Package graphics Info: Driver file: xetex.def on input line 107.

(/usr/share/texlive/texmf-dist/tex/latex/graphics-def/xetex.def
File: xetex.def 2022/09/22 v5.0n Graphics/color driver for xetex
))
\Gin@req@height=\dimen149
\Gin@req@width=\dimen150
)
(/usr/share/texlive/texmf-dist/tex/latex/hyperref/hyperref.sty
Package: hyperref 2023-02-07 v7.00v Hypertext links for LaTeX

(/usr/share/texlive/texmf-dist/tex/generic/ltxcmds/ltxcmds.sty
Package: ltxcmds 2020-05-10 v1.25 LaTeX kernel commands for general use (HO)
)
(/usr/share/texlive/texmf-dist/tex/generic/pdftexcmds/pdftexcmds.sty
Package: pdftexcmds 2020-06-27 v0.33 Utility functions of pdfTeX for LuaTeX (HO
)

(/usr/share/texlive/texmf-dist/tex/generic/infwarerr/infwarerr.sty
Package: infwarerr 2019/12/03 v1.5 Providing info/warning/error messages (HO)
)
Package pdftexcmds Info: \pdf@primitive is available.
Package pdftexcmds Info: \pdf@ifprimitive is available.
Package pdftexcmds Info: \pdfdraftmode not found.
)
(/usr/share/texlive/texmf-dist/tex/latex/kvsetkeys/kvsetkeys.sty
Package: kvsetkeys 2022-10-05 v1.19 Key value parser (HO)
)
(/usr/share/texlive/texmf-dist/tex/generic/kvdefinekeys/kvdefinekeys.sty
Package: kvdefinekeys 2019-12-19 v1.6 Define keys (HO)
)
(/usr/share/texlive/texmf-dist/tex/generic/pdfescape/pdfescape.sty
Package: pdfescape 2019/12/09 v1.15 Implements pdfTeX's escape features (HO)
)
(/usr/share/texlive/texmf-dist/tex/latex/hycolor/hycolor.sty
Package: hycolor 2020-01-27 v1.10 Color options for hyperref/bookmark (HO)
)
(/usr/share/texlive/texmf-dist/tex/latex/letltxmacro/letltxmacro.sty
Package: letltxmacro 2019/12/03 v1.6 Let assignment for LaTeX macros (HO)
)
(/usr/share/texlive/texmf-dist/tex/latex/auxhook/auxhook.sty
Package: auxhook 2019-12-17 v1.6 Hooks for auxiliary files (HO)
)
(/usr/share/texlive/texmf-dist/tex/latex/hyperref/nameref.sty
Package: nameref 2022-05-17 v2.50 Cross-referencing by name of section

(/usr/share/texlive/texmf-dist/tex/latex/refcount/refcount.sty
Package: refcount 2019/12/15 v3.6 Data extraction from label references (HO)
)
(/usr/share/texlive/texmf-dist/tex/generic/gettitlestring/gettitlestring.sty
Package: gettitlestring 2019/12/15 v1.6 Cleanup title references (HO)

(/usr/share/texlive/texmf-dist/tex/latex/kvoptions/kvoptions.sty
Package: kvoptions 2022-06-15 v3.15 Key value format for package options (HO)
))
\c@section@level=\count192
)
\@linkdim=\dimen151
\Hy@linkcounter=\count193
\Hy@pagecounter=\count194

(/usr/share/texlive/texmf-dist/tex/latex/hyperref/pd1enc.def
File: pd1enc.def 2023-02-07 v7.00v Hyperref: PDFDocEncoding definition (HO)
)
(/usr/share/texlive/texmf-dist/tex/generic/intcalc/intcalc.sty
Package: intcalc 2019/12/15 v1.3 Expandable calculations with integers (HO)
)
(/usr/share/texlive/texmf-dist/tex/generic/etexcmds/etexcmds.sty
Package: etexcmds 2019/12/15 v1.7 Avoid name clashes with e-TeX commands (HO)
)
\Hy@SavedSpaceFactor=\count195

(/usr/share/texlive/texmf-dist/tex/latex/hyperref/puenc.def
File: puenc.def 2023-02-07 v7.00v Hyperref: PDF Unicode definition (HO)
)
Package hyperref Info: Hyper figures OFF on input line 4177.
Package hyperref Info: Link nesting OFF on input line 4182.
Package hyperref Info: Hyper index ON on input line 4185.
Package hyperref Info: Plain pages OFF on input line 4192.
Package hyperref Info: Backreferencing OFF on input line 4197.
Package hyperref Info: Implicit mode ON; LaTeX internals redefined.
Package hyperref Info: Bookmarks ON on input line 4425.
\c@Hy@tempcnt=\count196

(/usr/share/texlive/texmf-dist/tex/latex/url/url.sty
\Urlmuskip=\muskip16
Package: url 2013/09/16  ver 3.4  Verb mode for urls, etc.
)
LaTeX Info: Redefining \url on input line 4763.
\XeTeXLinkMargin=\dimen152

(/usr/share/texlive/texmf-dist/tex/generic/bitset/bitset.sty
Package: bitset 2019/12/09 v1.3 Handle bit-vector datatype (HO)

(/usr/share/texlive/texmf-dist/tex/generic/bigintcalc/bigintcalc.sty
Package: bigintcalc 2019/12/15 v1.5 Expandable calculations on big integers (HO
)
))
\Fld@menulength=\count197
\Field@Width=\dimen153
\Fld@charsize=\dimen154
Package hyperref Info: Hyper figures OFF on input line 6042.
Package hyperref Info: Link nesting OFF on input line 6047.
Package hyperref Info: Hyper index ON on input line 6050.
Package hyperref Info: backreferencing OFF on input line 6057.
Package hyperref Info: Link coloring OFF on input line 6062.
Package hyperref Info: Link coloring with OCG OFF on input line 6067.
Package hyperref Info: PDF/A mode OFF on input line 6072.

(/usr/share/texlive/texmf-dist/tex/latex/base/atbegshi-ltx.sty
Package: atbegshi-ltx 2021/01/10 v1.0c Emulation of the original atbegshi
package with kernel methods
)
\Hy@abspage=\count198
\c@Item=\count199
\c@Hfootnote=\count266
)
Package hyperref Info: Driver (autodetected): hxetex.

(/usr/share/texlive/texmf-dist/tex/latex/hyperref/hxetex.def
File: hxetex.def 2023-02-07 v7.00v Hyperref driver for XeTeX

(/usr/share/texlive/texmf-dist/tex/generic/stringenc/stringenc.sty
Package: stringenc 2019/11/29 v1.12 Convert strings between diff. encodings (HO
)
)
\pdfm@box=\box51
\c@Hy@AnnotLevel=\count267
\HyField@AnnotCount=\count268
\Fld@listcount=\count269
\c@bookmark@seq@number=\count270

(/usr/share/texlive/texmf-dist/tex/latex/rerunfilecheck/rerunfilecheck.sty
Package: rerunfilecheck 2022-07-10 v1.10 Rerun checks for auxiliary files (HO)

(/usr/share/texlive/texmf-dist/tex/latex/base/atveryend-ltx.sty
Package: atveryend-ltx 2020/08/19 v1.0a Emulation of the original atveryend pac
kage
with kernel methods
)
(/usr/share/texlive/texmf-dist/tex/generic/uniquecounter/uniquecounter.sty
Package: uniquecounter 2019/12/15 v1.4 Provide unlimited unique counter (HO)
)
Package uniquecounter Info: New unique counter `rerunfilecheck' on input line 2
85.
)
\Hy@SectionHShift=\skip50
)
(/usr/share/texlive/texmf-dist/tex/latex/oberdiek/hypcap.sty
Package: hypcap 2016/05/16 v1.12 Adjusting the anchors of captions (HO)
)
(/usr/share/texlive/texmf-dist/tex/latex/bookmark/bookmark.sty
Package: bookmark 2020-11-06 v1.29 PDF bookmarks (HO)

(/usr/share/texlive/texmf-dist/tex/latex/bookmark/bkm-dvipdfm.def
File: bkm-dvipdfm.def 2020-11-06 v1.29 bookmark driver for dvipdfm (HO)
\BKM@id=\count271
))
(/usr/share/texlive/texmf-dist/tex/latex/amsmath/amsmath.sty
Package: amsmath 2022/04/08 v2.17n AMS math features
\@mathmargin=\skip51

For additional information on amsmath, use the `?' option.
(/usr/share/texlive/texmf-dist/tex/latex/amsmath/amstext.sty
Package: amstext 2021/08/26 v2.01 AMS text

(/usr/share/texlive/texmf-dist/tex/latex/amsmath/amsgen.sty
File: amsgen.sty 1999/11/30 v2.0 generic functions
\@emptytoks=\toks18
\ex@=\dimen155
))
(/usr/share/texlive/texmf-dist/tex/latex/amsmath/amsbsy.sty
Package: amsbsy 1999/11/29 v1.2d Bold Symbols
\pmbraise@=\dimen156
)
(/usr/share/texlive/texmf-dist/tex/latex/amsmath/amsopn.sty
Package: amsopn 2022/04/08 v2.04 operator names
)
\inf@bad=\count272
LaTeX Info: Redefining \frac on input line 234.
\uproot@=\count273
\leftroot@=\count274
LaTeX Info: Redefining \overline on input line 399.
LaTeX Info: Redefining \colon on input line 410.
\classnum@=\count275
\DOTSCASE@=\count276
LaTeX Info: Redefining \ldots on input line 496.
LaTeX Info: Redefining \dots on input line 499.
LaTeX Info: Redefining \cdots on input line 620.
\Mathstrutbox@=\box52
\strutbox@=\box53
LaTeX Info: Redefining \big on input line 722.
LaTeX Info: Redefining \Big on input line 723.
LaTeX Info: Redefining \bigg on input line 724.
LaTeX Info: Redefining \Bigg on input line 725.
\big@size=\dimen157
LaTeX Font Info:    Redeclaring font encoding OML on input line 743.
LaTeX Font Info:    Redeclaring font encoding OMS on input line 744.
\macc@depth=\count277
LaTeX Info: Redefining \bmod on input line 905.
LaTeX Info: Redefining \pmod on input line 910.
LaTeX Info: Redefining \smash on input line 940.
LaTeX Info: Redefining \relbar on input line 970.
LaTeX Info: Redefining \Relbar on input line 971.
\c@MaxMatrixCols=\count278
\dotsspace@=\muskip17
\c@parentequation=\count279
\dspbrk@lvl=\count280
\tag@help=\toks19
\row@=\count281
\column@=\count282
\maxfields@=\count283
\andhelp@=\toks20
\eqnshift@=\dimen158
\alignsep@=\dimen159
\tagshift@=\dimen160
\tagwidth@=\dimen161
\totwidth@=\dimen162
\lineht@=\dimen163
\@envbody=\toks21
\multlinegap=\skip52
\multlinetaggap=\skip53
\mathdisplay@stack=\toks22
LaTeX Info: Redefining \[ on input line 2953.
LaTeX Info: Redefining \] on input line 2954.
)
(/usr/share/texlive/texmf-dist/tex/latex/amsfonts/amssymb.sty
Package: amssymb 2013/01/14 v3.01 AMS font symbols

(/usr/share/texlive/texmf-dist/tex/latex/amsfonts/amsfonts.sty
Package: amsfonts 2013/01/14 v3.01 Basic AMSFonts support
\symAMSa=\mathgroup4
\symAMSb=\mathgroup5
LaTeX Font Info:    Redeclaring math symbol \hbar on input line 98.
LaTeX Font Info:    Overwriting math alphabet `\mathfrak' in version `bold'
(Font)                  U/euf/m/n --> U/euf/b/n on input line 106.
))
(/usr/share/texlive/texmf-dist/tex/latex/titlesec/titlesec.sty
Package: titlesec 2021/07/05 v2.14 Sectioning titles
\ttl@box=\box54
\beforetitleunit=\skip54
\aftertitleunit=\skip55
\ttl@plus=\dimen164
\ttl@minus=\dimen165
\ttl@toksa=\toks23
\titlewidth=\dimen166
\titlewidthlast=\dimen167
\titlewidthfirst=\dimen168
)
(/usr/share/texlive/texmf-dist/tex/latex/caption/caption.sty
Package: caption 2023/03/12 v3.6j Customizing captions (AR)

(/usr/share/texlive/texmf-dist/tex/latex/caption/caption3.sty
Package: caption3 2023/03/12 v2.4 caption3 kernel (AR)
\caption@tempdima=\dimen169
\captionmargin=\dimen170
\caption@leftmargin=\dimen171
\caption@rightmargin=\dimen172
\caption@width=\dimen173
\caption@indent=\dimen174
\caption@parindent=\dimen175
\caption@hangindent=\dimen176
Package caption Info: Standard document class detected.
)
\c@caption@flags=\count284
\c@continuedfloat=\count285
Package caption Info: hyperref package is loaded.
Package caption Info: hypcap package is loaded.
)
(/usr/share/texlive/texmf-dist/tex/latex/caption/subcaption.sty
Package: subcaption 2023/02/19 v1.6 Sub-captions (AR)
Package caption Info: New subtype `subfigure' on input line 239.
\c@subfigure=\count286
Package caption Info: New subtype `subtable' on input line 239.
\c@subtable=\count287
)
(/usr/share/texlive/texmf-dist/tex/latex/enumitem/enumitem.sty
Package: enumitem 2019/06/20 v3.9 Customized lists
\labelindent=\skip56
\enit@outerparindent=\dimen177
\enit@toks=\toks24
\enit@inbox=\box55
\enit@count@id=\count288
\enitdp@description=\count289
)
(/usr/share/texlive/texmf-dist/tex/latex/lm/lmodern.sty
Package: lmodern 2015/05/01 v1.6.1 Latin Modern Fonts
LaTeX Font Info:    Overwriting symbol font `operators' in version `normal'
(Font)                  OT1/cmr/m/n --> OT1/lmr/m/n on input line 22.
LaTeX Font Info:    Overwriting symbol font `letters' in version `normal'
(Font)                  OML/cmm/m/it --> OML/lmm/m/it on input line 23.
LaTeX Font Info:    Overwriting symbol font `symbols' in version `normal'
(Font)                  OMS/cmsy/m/n --> OMS/lmsy/m/n on input line 24.
LaTeX Font Info:    Overwriting symbol font `largesymbols' in version `normal'
(Font)                  OMX/cmex/m/n --> OMX/lmex/m/n on input line 25.
LaTeX Font Info:    Overwriting symbol font `operators' in version `bold'
(Font)                  OT1/cmr/bx/n --> OT1/lmr/bx/n on input line 26.
LaTeX Font Info:    Overwriting symbol font `letters' in version `bold'
(Font)                  OML/cmm/b/it --> OML/lmm/b/it on input line 27.
LaTeX Font Info:    Overwriting symbol font `symbols' in version `bold'
(Font)                  OMS/cmsy/b/n --> OMS/lmsy/b/n on input line 28.
LaTeX Font Info:    Overwriting symbol font `largesymbols' in version `bold'
(Font)                  OMX/cmex/m/n --> OMX/lmex/m/n on input line 29.
LaTeX Font Info:    Overwriting math alphabet `\mathbf' in version `normal'
(Font)                  OT1/cmr/bx/n --> OT1/lmr/bx/n on input line 31.
LaTeX Font Info:    Overwriting math alphabet `\mathsf' in version `normal'
(Font)                  OT1/cmss/m/n --> OT1/lmss/m/n on input line 32.
LaTeX Font Info:    Overwriting math alphabet `\mathit' in version `normal'
(Font)                  OT1/cmr/m/it --> OT1/lmr/m/it on input line 33.
LaTeX Font Info:    Overwriting math alphabet `\mathtt' in version `normal'
(Font)                  OT1/cmtt/m/n --> OT1/lmtt/m/n on input line 34.
LaTeX Font Info:    Overwriting math alphabet `\mathbf' in version `bold'
(Font)                  OT1/cmr/bx/n --> OT1/lmr/bx/n on input line 35.
LaTeX Font Info:    Overwriting math alphabet `\mathsf' in version `bold'
(Font)                  OT1/cmss/bx/n --> OT1/lmss/bx/n on input line 36.
LaTeX Font Info:    Overwriting math alphabet `\mathit' in version `bold'
(Font)                  OT1/cmr/bx/it --> OT1/lmr/bx/it on input line 37.
LaTeX Font Info:    Overwriting math alphabet `\mathtt' in version `bold'
(Font)                  OT1/cmtt/m/n --> OT1/lmtt/m/n on input line 38.
)
(/usr/share/texlive/texmf-dist/tex/latex/cmap/cmap.sty
Package: cmap 2021/02/06 v1.0j CMap support: searchable PDF


Package cmap Warning: pdftex not detected - exiting.

) (/usr/share/texlive/texmf-dist/tex/latex/xcolor/xcolor.sty
Package: xcolor 2022/06/12 v2.14 LaTeX color extensions (UK)

(/usr/share/texlive/texmf-dist/tex/latex/graphics-cfg/color.cfg
File: color.cfg 2016/01/02 v1.6 sample color configuration
)
Package xcolor Info: Driver file: xetex.def on input line 227.

(/usr/share/texlive/texmf-dist/tex/latex/graphics/mathcolor.ltx)
Package xcolor Info: Model `cmy' substituted by `cmy0' on input line 1353.
Package xcolor Info: Model `RGB' extended on input line 1369.
Package xcolor Info: Model `HTML' substituted by `rgb' on input line 1371.
Package xcolor Info: Model `Hsb' substituted by `hsb' on input line 1372.
Package xcolor Info: Model `tHsb' substituted by `hsb' on input line 1373.
Package xcolor Info: Model `HSB' substituted by `hsb' on input line 1374.
Package xcolor Info: Model `Gray' substituted by `gray' on input line 1375.
Package xcolor Info: Model `wave' substituted by `hsb' on input line 1376.
)
(/usr/share/texlive/texmf-dist/tex/latex/pgf/frontendlayer/tikz.sty
(/usr/share/texlive/texmf-dist/tex/latex/pgf/basiclayer/pgf.sty
(/usr/share/texlive/texmf-dist/tex/latex/pgf/utilities/pgfrcs.sty
(/usr/share/texlive/texmf-dist/tex/generic/pgf/utilities/pgfutil-common.tex
\pgfutil@everybye=\toks25
\pgfutil@tempdima=\dimen178
\pgfutil@tempdimb=\dimen179
)
(/usr/share/texlive/texmf-dist/tex/generic/pgf/utilities/pgfutil-latex.def
\pgfutil@abb=\box56
)
(/usr/share/texlive/texmf-dist/tex/generic/pgf/utilities/pgfrcs.code.tex
(/usr/share/texlive/texmf-dist/tex/generic/pgf/pgf.revision.tex)
Package: pgfrcs 2023-01-15 v3.1.10 (3.1.10)
))
Package: pgf 2023-01-15 v3.1.10 (3.1.10)

(/usr/share/texlive/texmf-dist/tex/latex/pgf/basiclayer/pgfcore.sty
(/usr/share/texlive/texmf-dist/tex/latex/pgf/systemlayer/pgfsys.sty
(/usr/share/texlive/texmf-dist/tex/generic/pgf/systemlayer/pgfsys.code.tex
Package: pgfsys 2023-01-15 v3.1.10 (3.1.10)

(/usr/share/texlive/texmf-dist/tex/generic/pgf/utilities/pgfkeys.code.tex
\pgfkeys@pathtoks=\toks26
\pgfkeys@temptoks=\toks27

(/usr/share/texlive/texmf-dist/tex/generic/pgf/utilities/pgfkeyslibraryfiltered
.code.tex
\pgfkeys@tmptoks=\toks28
))
\pgf@x=\dimen180
\pgf@y=\dimen181
\pgf@xa=\dimen182
\pgf@ya=\dimen183
\pgf@xb=\dimen184
\pgf@yb=\dimen185
\pgf@xc=\dimen186
\pgf@yc=\dimen187
\pgf@xd=\dimen188
\pgf@yd=\dimen189
\w@pgf@writea=\write3
\r@pgf@reada=\read2
\c@pgf@counta=\count290
\c@pgf@countb=\count291
\c@pgf@countc=\count292
\c@pgf@countd=\count293
\t@pgf@toka=\toks29
\t@pgf@tokb=\toks30
\t@pgf@tokc=\toks31
\pgf@sys@id@count=\count294
 (/usr/share/texlive/texmf-dist/tex/generic/pgf/systemlayer/pgf.cfg
File: pgf.cfg 2023-01-15 v3.1.10 (3.1.10)
)
Driver file for pgf: pgfsys-xetex.def
(/usr/share/texlive/texmf-dist/tex/generic/pgf/systemlayer/pgfsys-xetex.def
File: pgfsys-xetex.def 2023-01-15 v3.1.10 (3.1.10)

(/usr/share/texlive/texmf-dist/tex/generic/pgf/systemlayer/pgfsys-dvipdfmx.def
File: pgfsys-dvipdfmx.def 2023-01-15 v3.1.10 (3.1.10)

(/usr/share/texlive/texmf-dist/tex/generic/pgf/systemlayer/pgfsys-common-pdf.de
f
File: pgfsys-common-pdf.def 2023-01-15 v3.1.10 (3.1.10)
)
\pgfsys@objnum=\count295
)))
(/usr/share/texlive/texmf-dist/tex/generic/pgf/systemlayer/pgfsyssoftpath.code.
tex
File: pgfsyssoftpath.code.tex 2023-01-15 v3.1.10 (3.1.10)
\pgfsyssoftpath@smallbuffer@items=\count296
\pgfsyssoftpath@bigbuffer@items=\count297
)
(/usr/share/texlive/texmf-dist/tex/generic/pgf/systemlayer/pgfsysprotocol.code.
tex
File: pgfsysprotocol.code.tex 2023-01-15 v3.1.10 (3.1.10)
))
(/usr/share/texlive/texmf-dist/tex/generic/pgf/basiclayer/pgfcore.code.tex
Package: pgfcore 2023-01-15 v3.1.10 (3.1.10)

(/usr/share/texlive/texmf-dist/tex/generic/pgf/math/pgfmath.code.tex
(/usr/share/texlive/texmf-dist/tex/generic/pgf/math/pgfmathutil.code.tex)
(/usr/share/texlive/texmf-dist/tex/generic/pgf/math/pgfmathparser.code.tex
\pgfmath@dimen=\dimen190
\pgfmath@count=\count298
\pgfmath@box=\box57
\pgfmath@toks=\toks32
\pgfmath@stack@operand=\toks33
\pgfmath@stack@operation=\toks34
)
(/usr/share/texlive/texmf-dist/tex/generic/pgf/math/pgfmathfunctions.code.tex)
(/usr/share/texlive/texmf-dist/tex/generic/pgf/math/pgfmathfunctions.basic.code
.tex)
(/usr/share/texlive/texmf-dist/tex/generic/pgf/math/pgfmathfunctions.trigonomet
ric.code.tex)
(/usr/share/texlive/texmf-dist/tex/generic/pgf/math/pgfmathfunctions.random.cod
e.tex)
(/usr/share/texlive/texmf-dist/tex/generic/pgf/math/pgfmathfunctions.comparison
.code.tex)
(/usr/share/texlive/texmf-dist/tex/generic/pgf/math/pgfmathfunctions.base.code.
tex)
(/usr/share/texlive/texmf-dist/tex/generic/pgf/math/pgfmathfunctions.round.code
.tex)
(/usr/share/texlive/texmf-dist/tex/generic/pgf/math/pgfmathfunctions.misc.code.
tex)
(/usr/share/texlive/texmf-dist/tex/generic/pgf/math/pgfmathfunctions.integerari
thmetics.code.tex)
(/usr/share/texlive/texmf-dist/tex/generic/pgf/math/pgfmathcalc.code.tex)
(/usr/share/texlive/texmf-dist/tex/generic/pgf/math/pgfmathfloat.code.tex
\c@pgfmathroundto@lastzeros=\count299
))
(/usr/share/texlive/texmf-dist/tex/generic/pgf/math/pgfint.code.tex)
(/usr/share/texlive/texmf-dist/tex/generic/pgf/basiclayer/pgfcorepoints.code.te
x
File: pgfcorepoints.code.tex 2023-01-15 v3.1.10 (3.1.10)
\pgf@picminx=\dimen191
\pgf@picmaxx=\dimen192
\pgf@picminy=\dimen193
\pgf@picmaxy=\dimen194
\pgf@pathminx=\dimen195
\pgf@pathmaxx=\dimen196
\pgf@pathminy=\dimen197
\pgf@pathmaxy=\dimen198
\pgf@xx=\dimen199
\pgf@xy=\dimen256
\pgf@yx=\dimen257
\pgf@yy=\dimen258
\pgf@zx=\dimen259
\pgf@zy=\dimen260
)
(/usr/share/texlive/texmf-dist/tex/generic/pgf/basiclayer/pgfcorepathconstruct.
code.tex
File: pgfcorepathconstruct.code.tex 2023-01-15 v3.1.10 (3.1.10)
\pgf@path@lastx=\dimen261
\pgf@path@lasty=\dimen262
)
(/usr/share/texlive/texmf-dist/tex/generic/pgf/basiclayer/pgfcorepathusage.code
.tex
File: pgfcorepathusage.code.tex 2023-01-15 v3.1.10 (3.1.10)
\pgf@shorten@end@additional=\dimen263
\pgf@shorten@start@additional=\dimen264
)
(/usr/share/texlive/texmf-dist/tex/generic/pgf/basiclayer/pgfcorescopes.code.te
x
File: pgfcorescopes.code.tex 2023-01-15 v3.1.10 (3.1.10)
\pgfpic=\box58
\pgf@hbox=\box59
\pgf@layerbox@main=\box60
\pgf@picture@serial@count=\count300
)
(/usr/share/texlive/texmf-dist/tex/generic/pgf/basiclayer/pgfcoregraphicstate.c
ode.tex
File: pgfcoregraphicstate.code.tex 2023-01-15 v3.1.10 (3.1.10)
\pgflinewidth=\dimen265
)
(/usr/share/texlive/texmf-dist/tex/generic/pgf/basiclayer/pgfcoretransformation
s.code.tex
File: pgfcoretransformations.code.tex 2023-01-15 v3.1.10 (3.1.10)
\pgf@pt@x=\dimen266
\pgf@pt@y=\dimen267
\pgf@pt@temp=\dimen268
)
(/usr/share/texlive/texmf-dist/tex/generic/pgf/basiclayer/pgfcorequick.code.tex
File: pgfcorequick.code.tex 2023-01-15 v3.1.10 (3.1.10)
)
(/usr/share/texlive/texmf-dist/tex/generic/pgf/basiclayer/pgfcoreobjects.code.t
ex
File: pgfcoreobjects.code.tex 2023-01-15 v3.1.10 (3.1.10)
)
(/usr/share/texlive/texmf-dist/tex/generic/pgf/basiclayer/pgfcorepathprocessing
.code.tex
File: pgfcorepathprocessing.code.tex 2023-01-15 v3.1.10 (3.1.10)
)
(/usr/share/texlive/texmf-dist/tex/generic/pgf/basiclayer/pgfcorearrows.code.te
x
File: pgfcorearrows.code.tex 2023-01-15 v3.1.10 (3.1.10)
\pgfarrowsep=\dimen269
)
(/usr/share/texlive/texmf-dist/tex/generic/pgf/basiclayer/pgfcoreshade.code.tex
File: pgfcoreshade.code.tex 2023-01-15 v3.1.10 (3.1.10)
\pgf@max=\dimen270
\pgf@sys@shading@range@num=\count301
\pgf@shadingcount=\count302
)
(/usr/share/texlive/texmf-dist/tex/generic/pgf/basiclayer/pgfcoreimage.code.tex
File: pgfcoreimage.code.tex 2023-01-15 v3.1.10 (3.1.10)
)
(/usr/share/texlive/texmf-dist/tex/generic/pgf/basiclayer/pgfcoreexternal.code.
tex
File: pgfcoreexternal.code.tex 2023-01-15 v3.1.10 (3.1.10)
\pgfexternal@startupbox=\box61
)
(/usr/share/texlive/texmf-dist/tex/generic/pgf/basiclayer/pgfcorelayers.code.te
x
File: pgfcorelayers.code.tex 2023-01-15 v3.1.10 (3.1.10)
)
(/usr/share/texlive/texmf-dist/tex/generic/pgf/basiclayer/pgfcoretransparency.c
ode.tex
File: pgfcoretransparency.code.tex 2023-01-15 v3.1.10 (3.1.10)
)
(/usr/share/texlive/texmf-dist/tex/generic/pgf/basiclayer/pgfcorepatterns.code.
tex
File: pgfcorepatterns.code.tex 2023-01-15 v3.1.10 (3.1.10)
)
(/usr/share/texlive/texmf-dist/tex/generic/pgf/basiclayer/pgfcorerdf.code.tex
File: pgfcorerdf.code.tex 2023-01-15 v3.1.10 (3.1.10)
)))
(/usr/share/texlive/texmf-dist/tex/generic/pgf/modules/pgfmoduleshapes.code.tex
File: pgfmoduleshapes.code.tex 2023-01-15 v3.1.10 (3.1.10)
\pgfnodeparttextbox=\box62
) (/usr/share/texlive/texmf-dist/tex/generic/pgf/modules/pgfmoduleplot.code.tex
File: pgfmoduleplot.code.tex 2023-01-15 v3.1.10 (3.1.10)
)
(/usr/share/texlive/texmf-dist/tex/latex/pgf/compatibility/pgfcomp-version-0-65
.sty
Package: pgfcomp-version-0-65 2023-01-15 v3.1.10 (3.1.10)
\pgf@nodesepstart=\dimen271
\pgf@nodesepend=\dimen272
)
(/usr/share/texlive/texmf-dist/tex/latex/pgf/compatibility/pgfcomp-version-1-18
.sty
Package: pgfcomp-version-1-18 2023-01-15 v3.1.10 (3.1.10)
)) (/usr/share/texlive/texmf-dist/tex/latex/pgf/utilities/pgffor.sty
(/usr/share/texlive/texmf-dist/tex/latex/pgf/utilities/pgfkeys.sty
(/usr/share/texlive/texmf-dist/tex/generic/pgf/utilities/pgfkeys.code.tex))
(/usr/share/texlive/texmf-dist/tex/latex/pgf/math/pgfmath.sty
(/usr/share/texlive/texmf-dist/tex/generic/pgf/math/pgfmath.code.tex))
(/usr/share/texlive/texmf-dist/tex/generic/pgf/utilities/pgffor.code.tex
Package: pgffor 2023-01-15 v3.1.10 (3.1.10)
\pgffor@iter=\dimen273
\pgffor@skip=\dimen274
\pgffor@stack=\toks35
\pgffor@toks=\toks36
))
(/usr/share/texlive/texmf-dist/tex/generic/pgf/frontendlayer/tikz/tikz.code.tex
Package: tikz 2023-01-15 v3.1.10 (3.1.10)

(/usr/share/texlive/texmf-dist/tex/generic/pgf/libraries/pgflibraryplothandlers
.code.tex
File: pgflibraryplothandlers.code.tex 2023-01-15 v3.1.10 (3.1.10)
\pgf@plot@mark@count=\count303
\pgfplotmarksize=\dimen275
)
\tikz@lastx=\dimen276
\tikz@lasty=\dimen277
\tikz@lastxsaved=\dimen278
\tikz@lastysaved=\dimen279
\tikz@lastmovetox=\dimen280
\tikz@lastmovetoy=\dimen281
\tikzleveldistance=\dimen282
\tikzsiblingdistance=\dimen283
\tikz@figbox=\box63
\tikz@figbox@bg=\box64
\tikz@tempbox=\box65
\tikz@tempbox@bg=\box66
\tikztreelevel=\count304
\tikznumberofchildren=\count305
\tikznumberofcurrentchild=\count306
\tikz@fig@count=\count307

(/usr/share/texlive/texmf-dist/tex/generic/pgf/modules/pgfmodulematrix.code.tex
File: pgfmodulematrix.code.tex 2023-01-15 v3.1.10 (3.1.10)
\pgfmatrixcurrentrow=\count308
\pgfmatrixcurrentcolumn=\count309
\pgf@matrix@numberofcolumns=\count310
)
\tikz@expandcount=\count311

(/usr/share/texlive/texmf-dist/tex/generic/pgf/frontendlayer/tikz/libraries/tik
zlibrarytopaths.code.tex
File: tikzlibrarytopaths.code.tex 2023-01-15 v3.1.10 (3.1.10)
)))
(/usr/share/texlive/texmf-dist/tex/generic/pgf/frontendlayer/tikz/libraries/tik
zlibraryshapes.geometric.code.tex
File: tikzlibraryshapes.geometric.code.tex 2023-01-15 v3.1.10 (3.1.10)

(/usr/share/texlive/texmf-dist/tex/generic/pgf/libraries/shapes/pgflibraryshape
s.geometric.code.tex
File: pgflibraryshapes.geometric.code.tex 2023-01-15 v3.1.10 (3.1.10)
))
(/usr/share/texlive/texmf-dist/tex/generic/pgf/frontendlayer/tikz/libraries/tik
zlibraryarrows.code.tex
File: tikzlibraryarrows.code.tex 2023-01-15 v3.1.10 (3.1.10)

(/usr/share/texlive/texmf-dist/tex/generic/pgf/libraries/pgflibraryarrows.code.
tex
File: pgflibraryarrows.code.tex 2023-01-15 v3.1.10 (3.1.10)
\arrowsize=\dimen284
))
(/usr/share/texlive/texmf-dist/tex/generic/pgf/frontendlayer/tikz/libraries/tik
zlibrarypositioning.code.tex
File: tikzlibrarypositioning.code.tex 2023-01-15 v3.1.10 (3.1.10)
)
(/usr/share/texlive/texmf-dist/tex/latex/float/float.sty
Package: float 2001/11/08 v1.3d Float enhancements (AL)
\c@float@type=\count312
\float@exts=\toks37
\float@box=\box67
\@float@everytoks=\toks38
\@floatcapt=\box68
)
(/usr/share/texlive/texmf-dist/tex/latex/colortbl/colortbl.sty
Package: colortbl 2022/06/20 v1.0f Color table columns (DPC)

(/usr/share/texlive/texmf-dist/tex/latex/tools/array.sty
Package: array 2022/09/04 v2.5g Tabular extension package (FMi)
\col@sep=\dimen285
\ar@mcellbox=\box69
\extrarowheight=\dimen286
\NC@list=\toks39
\extratabsurround=\skip57
\backup@length=\skip58
\ar@cellbox=\box70
)
\everycr=\toks40
\minrowclearance=\skip59
\rownum=\count313
)
(/usr/share/texlive/texmf-dist/tex/latex/tools/tabularx.sty
Package: tabularx 2020/01/15 v2.11c `tabularx' package (DPC)
\TX@col@width=\dimen287
\TX@old@table=\dimen288
\TX@old@col=\dimen289
\TX@target=\dimen290
\TX@delta=\dimen291
\TX@cols=\count314
\TX@ftn=\toks41
)
(/usr/share/texlive/texmf-dist/tex/latex/tools/longtable.sty
Package: longtable 2021-09-01 v4.17 Multi-page Table package (DPC)
\LTleft=\skip60
\LTright=\skip61
\LTpre=\skip62
\LTpost=\skip63
\LTchunksize=\count315
\LTcapwidth=\dimen292
\LT@head=\box71
\LT@firsthead=\box72
\LT@foot=\box73
\LT@lastfoot=\box74
\LT@gbox=\box75
\LT@cols=\count316
\LT@rows=\count317
\c@LT@tables=\count318
\c@LT@chunks=\count319
\LT@p@ftn=\toks42
)
(/usr/share/texlive/texmf-dist/tex/latex/booktabs/booktabs.sty
Package: booktabs 2020/01/12 v1.61803398 Publication quality tables
\heavyrulewidth=\dimen293
\lightrulewidth=\dimen294
\cmidrulewidth=\dimen295
\belowrulesep=\dimen296
\belowbottomsep=\dimen297
\aboverulesep=\dimen298
\abovetopsep=\dimen299
\cmidrulesep=\dimen300
\cmidrulekern=\dimen301
\defaultaddspace=\dimen302
\@cmidla=\count320
\@cmidlb=\count321
\@aboverulesep=\dimen303
\@belowrulesep=\dimen304
\@thisruleclass=\count322
\@lastruleclass=\count323
\@thisrulewidth=\dimen305
)
(/usr/share/texlive/texmf-dist/tex/latex/multirow/multirow.sty
Package: multirow 2021/03/15 v2.8 Span multiple rows of a table
\multirow@colwidth=\skip64
\multirow@cntb=\count324
\multirow@dima=\skip65
\bigstrutjot=\dimen306
)
(/usr/share/texlive/texmf-dist/tex/latex/fancyhdr/fancyhdr.sty
Package: fancyhdr 2022/11/09 v4.1 Extensive control of page headers and footers

\f@nch@headwidth=\skip66
\f@nch@O@elh=\skip67
\f@nch@O@erh=\skip68
\f@nch@O@olh=\skip69
\f@nch@O@orh=\skip70
\f@nch@O@elf=\skip71
\f@nch@O@erf=\skip72
\f@nch@O@olf=\skip73
\f@nch@O@orf=\skip74
)
(/usr/share/texlive/texmf-dist/tex/latex/fontspec/fontspec.sty
(/usr/share/texlive/texmf-dist/tex/latex/l3packages/xparse/xparse.sty
(/usr/share/texlive/texmf-dist/tex/latex/l3kernel/expl3.sty
Package: expl3 2023-02-22 L3 programming layer (loader) 

(/usr/share/texlive/texmf-dist/tex/latex/l3backend/l3backend-xetex.def
File: l3backend-xetex.def 2023-01-16 L3 backend support: XeTeX
\g__graphics_track_int=\count325
\l__pdf_internal_box=\box76
\g__pdf_backend_object_int=\count326
\g__pdf_backend_annotation_int=\count327
\g__pdf_backend_link_int=\count328
))
Package: xparse 2023-02-02 L3 Experimental document command parser
)
Package: fontspec 2022/01/15 v2.8a Font selection for XeLaTeX and LuaLaTeX

(/usr/share/texlive/texmf-dist/tex/latex/fontspec/fontspec-xetex.sty
Package: fontspec-xetex 2022/01/15 v2.8a Font selection for XeLaTeX and LuaLaTe
X
\l__fontspec_script_int=\count329
\l__fontspec_language_int=\count330
\l__fontspec_strnum_int=\count331
\l__fontspec_tmp_int=\count332
\l__fontspec_tmpa_int=\count333
\l__fontspec_tmpb_int=\count334
\l__fontspec_tmpc_int=\count335
\l__fontspec_em_int=\count336
\l__fontspec_emdef_int=\count337
\l__fontspec_strong_int=\count338
\l__fontspec_strongdef_int=\count339
\l__fontspec_tmpa_dim=\dimen307
\l__fontspec_tmpb_dim=\dimen308
\l__fontspec_tmpc_dim=\dimen309

(/usr/share/texlive/texmf-dist/tex/latex/base/fontenc.sty
Package: fontenc 2021/04/29 v2.0v Standard LaTeX package
)
(/usr/share/texlive/texmf-dist/tex/latex/fontspec/fontspec.cfg)))
(/usr/share/texlive/texmf-dist/tex/latex/polyglossia/polyglossia.sty
Package: polyglossia 2023/02/11 v1.60 Modern multilingual typesetting with XeLa
TeX and LuaLaTeX

(/usr/share/texlive/texmf-dist/tex/latex/etoolbox/etoolbox.sty
Package: etoolbox 2020/10/05 v2.5k e-TeX tools for LaTeX (JAW)
\etb@tempcnta=\count340
)
(/usr/share/texlive/texmf-dist/tex/latex/makecmds/makecmds.sty
Package: makecmds 2009/09/03 v1.0a extra command making commands
)
(/usr/share/texlive/texmf-dist/tex/latex/xkeyval/xkeyval.sty
Package: xkeyval 2022/06/16 v2.9 package option processing (HA)

(/usr/share/texlive/texmf-dist/tex/generic/xkeyval/xkeyval.tex
(/usr/share/texlive/texmf-dist/tex/generic/xkeyval/xkvutils.tex
\XKV@toks=\toks43
\XKV@tempa@toks=\toks44
)
\XKV@depth=\count341
File: xkeyval.tex 2014/12/03 v2.7a key=value parser (HA)
))
(/usr/share/texlive/texmf-dist/tex/latex/l3packages/l3keys2e/l3keys2e.sty
Package: l3keys2e 2023-02-02 LaTeX2e option processing using LaTeX3 keys
)
\xpg@normalclass=\XeTeXcharclass1

(/usr/share/texlive/texmf-dist/tex/latex/polyglossia/gloss-latex.lde
Package: gloss-latex 2023/02/11 vv1.60 polyglossia: module for default language

The property list \polyglossia@langsetup contains the pairs (without outer
braces):
>  {latex/script}  =>  {latin}
>  {latex/lcscript}  =>  {latin}
>  {latex/scripttag}  =>  {}
>  {latex/language}  =>  {Latex}
>  {latex/langtag}  =>  {ENG}
>  {latex/bcp47}  =>  {}
>  {latex/hyphennames}  =>  {english}
>  {latex/direction}  =>  {LR}
>  {latex/hyphenmins}  =>  {2,3}
>  {latex/frenchspacing}  =>  {false}
>  {latex/indentfirst}  =>  {false}
>  {latex/fontsetup}  =>  {true}
>  {latex/envname}  =>  {latex}
>  {latex/babelname}  =>  {latex}
>  {latex/localnumeral}  =>  {polyglossia@C@localnumeral}
>  {latex/Localnumeral}  =>  {polyglossia@C@localnumeral}
>  {latex/DefineCommandsCmd}  =>  {use_none:n}.
)
Package polyglossia Info: Default language is latex.
)
(/usr/share/texlive/texmf-dist/tex/latex/polyglossia/gloss-english.ldf
File: gloss-english.ldf polyglossia: module for English
The property list \polyglossia@langsetup contains the pairs (without outer
braces):
>  {latex/script}  =>  {latin}
>  {latex/lcscript}  =>  {latin}
>  {latex/scripttag}  =>  {}
>  {latex/language}  =>  {Latex}
>  {latex/langtag}  =>  {ENG}
>  {latex/bcp47}  =>  {}
>  {latex/hyphennames}  =>  {english}
>  {latex/direction}  =>  {LR}
>  {latex/hyphenmins}  =>  {2,3}
>  {latex/frenchspacing}  =>  {false}
>  {latex/indentfirst}  =>  {false}
>  {latex/fontsetup}  =>  {true}
>  {latex/envname}  =>  {latex}
>  {latex/babelname}  =>  {latex}
>  {latex/localnumeral}  =>  {polyglossia@C@localnumeral}
>  {latex/Localnumeral}  =>  {polyglossia@C@localnumeral}
>  {latex/DefineCommandsCmd}  =>  {use_none:n}
>  {english/script}  =>  {latin}
>  {english/lcscript}  =>  {latin}
>  {english/scripttag}  =>  {}
>  {english/language}  =>  {English}
>  {english/langtag}  =>  {ENG}
>  {english/bcp47}  =>  {en-US}
>  {english/hyphennames}  =>  {english,american,usenglish,USenglish}
>  {english/direction}  =>  {LR}
>  {english/hyphenmins}  =>  {2,3}
>  {english/frenchspacing}  =>  {false}
>  {english/indentfirst}  =>  {false}
>  {english/fontsetup}  =>  {true}
>  {english/envname}  =>  {english}
>  {english/babelname}  =>  {english}
>  {english/localnumeral}  =>  {polyglossia@C@localnumeral}
>  {english/Localnumeral}  =>  {polyglossia@C@localnumeral}
>  {english/DefineCommandsCmd}  =>  {xpg_define_language_commands:e}.
Package polyglossia Info: Option: English, variant=american.
)
Package polyglossia Info: Default language is english.

(/usr/share/texlive/texmf-dist/tex/latex/polyglossia/gloss-arabic.ldf
File: gloss-arabic.ldf polyglossia: module for Arabic

(/usr/share/texlive/texmf-dist/tex/xelatex/bidi/bidi.sty
Package: bidi 2023/01/18 v39.7 (Release Serge Lang) Bidirectional typesetting i
n plain TeX and LaTeX

****************************************************
* 
* bidi package (Bidirectional typesetting in
* plain TeX and LaTeX, using XeTeX engine)
* 
* Description: A convenient interface for
* typesetting bidirectional texts in plain TeX
* and LaTeX. The package includes adaptations
* for use with many other commonly-used packages.
* 
* Copyright (c) 2007--2023 Vafa Khalighi
* Copyright (c) 2018--2020 bidi-tex GitHub organization
* 
* v39.7 (Release Serge Lang), 2023/01/18
* 
* License: LaTeX Project Public License, version
* 1.3c or higher (your choice)
* 
* Location on CTAN: /macros/xetex/latex/bidi
* 
* Issue tracker: https://github.com/kvafa/bidi/issues
* 
* Discussions: https://github.com/kvafa/bidi/discussions
* 
* Primary author of bidi package: Vafa Khalighi.
* 
****************************************************
(/usr/share/texlive/texmf-dist/tex/xelatex/bidi/biditools.sty
Package: biditools 2022/06/15 v2.3 Programming tools for bidi package
\@bidi@envbody=\toks45
\@bidi@emptytoks=\toks46
\bidi@poscount=\count342
\bidi@tempcountb=\count343
\bidi@temptoksa=\toks47
\bidi@temptoksb=\toks48
\bidi@dummies=\count344
\bidi@are@these@correct=\toks49
\bidi@toks@lista=\toks50
\bidi@toks@listb=\toks51
\bidi@stack@length=\count345
\bidi@empty@stack=\toks52
\bidi@looprepeat@depth=\count346
)
(/usr/share/texlive/texmf-dist/tex/latex/zref/zref-abspage.sty
Package: zref-abspage 2022-04-07 v2.34 Module abspage for zref (HO)

(/usr/share/texlive/texmf-dist/tex/latex/zref/zref-base.sty
Package: zref-base 2022-04-07 v2.34 Module base for zref (HO)
Package zref Info: New property list: main on input line 767.
Package zref Info: New property: default on input line 768.
Package zref Info: New property: page on input line 769.
)
\c@abspage=\count347
Package zref Info: New property: abspage on input line 65.
)
\@bidi@copyins@=\insert252

(/usr/share/texlive/texmf-dist/tex/xelatex/bidi/latex-xetex-bidi.def
File: latex-xetex-bidi.def 2022/07/04 v1.4.9 bidi adaptations for `latex.ltx' f
or XeTeX engine
\bidi@n@everypar=\toks53
\bidi@column@check@number=\count348

(/usr/share/texlive/texmf-dist/tex/xelatex/bidi/footnote-xetex-bidi.def
File: footnote-xetex-bidi.def 2023/01/18 v1.2 bidi footnote macros for XeTeX en
gine
\c@footdir@label=\count349
\footdir@toks=\toks54
)
(/usr/share/texlive/texmf-dist/tex/xelatex/bidi/article-xetex-bidi.def
File: article-xetex-bidi.def 2017/06/09 v0.6 bidi adaptations for standard arti
cle class for XeTeX engine
)
(/usr/share/texlive/texmf-dist/tex/xelatex/bidi/amsmath-xetex-bidi.def
File: amsmath-xetex-bidi.def 2020/05/16 v1.2 bidi adaptations for amsmath packa
ge for XeTeX engine
)
(/usr/share/texlive/texmf-dist/tex/xelatex/bidi/amstext-xetex-bidi.def
File: amstext-xetex-bidi.def 2016/09/12 v0.2 bidi adaptations for amstext packa
ge for XeTeX engine
)
(/usr/share/texlive/texmf-dist/tex/xelatex/bidi/caption-xetex-bidi.def
File: caption-xetex-bidi.def 2010/07/25 v0.1 bidi adaptations for caption packa
ge for XeTeX engine
)
(/usr/share/texlive/texmf-dist/tex/xelatex/bidi/caption3-xetex-bidi.def
File: caption3-xetex-bidi.def 2013/04/01 v0.1 bidi adaptations for caption3 pac
kage for XeTeX engine
)
(/usr/share/texlive/texmf-dist/tex/xelatex/bidi/color-xetex-bidi.def
File: color-xetex-bidi.def 2013/04/08 v0.2 bidi adaptations for color package f
or XeTeX engine
LaTeX Info: Redefining \color on input line 49.
)
(/usr/share/texlive/texmf-dist/tex/xelatex/bidi/xcolor-xetex-bidi.def
File: xcolor-xetex-bidi.def 2022/06/13 v0.3 bidi adaptations for xcolor package
 for XeTeX engine
LaTeX Info: Redefining \color on input line 48.
LaTeX Info: Redefining \bidicolor on input line 91.
)
(/usr/share/texlive/texmf-dist/tex/xelatex/bidi/colortbl-xetex-bidi.def
File: colortbl-xetex-bidi.def 2012/06/10 v0.2 bidi adaptations for colortbl pac
kage for XeTeX engine
)
(/usr/share/texlive/texmf-dist/tex/xelatex/bidi/float-xetex-bidi.def
File: float-xetex-bidi.def 2013/04/04 v0.2 bidi adaptations for float package f
or XeTeX engine
)
(/usr/share/texlive/texmf-dist/tex/xelatex/bidi/graphicx-xetex-bidi.def
File: graphicx-xetex-bidi.def 2017/06/17 v0.5 bidi adaptations for graphicx pac
kage for XeTeX engine
)
(/usr/share/texlive/texmf-dist/tex/xelatex/bidi/geometry-xetex-bidi.def
File: geometry-xetex-bidi.def 2017/01/14 v0.2 bidi adaptations for geometry pac
kage for XeTeX engine
)
(/usr/share/texlive/texmf-dist/tex/xelatex/bidi/tabularx-xetex-bidi.def
File: tabularx-xetex-bidi.def 2014/11/08 v0.1 bidi adaptations for tabularx pac
kage for XeTeX engine
)
(/usr/share/texlive/texmf-dist/tex/xelatex/bidi/longtable-xetex-bidi.def
File: longtable-xetex-bidi.def 2022/05/20 v0.6 bidi adaptations for longtable p
ackage for XeTeX engine
)
(/usr/share/texlive/texmf-dist/tex/xelatex/bidi/hyperref-xetex-bidi.def
File: hyperref-xetex-bidi.def 2018/11/11 v1.1 bidi adaptations for hyperref pac
kage for XeTeX engine
)
(/usr/share/texlive/texmf-dist/tex/xelatex/bidi/fancyhdr-xetex-bidi.def
File: fancyhdr-xetex-bidi.def 2018/02/15 v0.7 bidi adaptations for fancyhdr pac
kage for XeTeX engine
)
(/usr/share/texlive/texmf-dist/tex/xelatex/bidi/pgfcorescopes.code-xetex-bidi.d
ef
File: pgfcorescopes.code-xetex-bidi.def 2015/11/14 v0.1 bidi adaptations for pg
f package for XeTeX engine
) (/usr/share/texlive/texmf-dist/tex/xelatex/bidi/titlesec-xetex-bidi.def
File: titlesec-xetex-bidi.def 2010/07/25 v0.1 bidi adaptations for titlesec pac
kage for XeTeX engine
)
(/usr/share/texlive/texmf-dist/tex/xelatex/bidi/array-xetex-bidi.def
File: array-xetex-bidi.def 2015/11/07 v0.3 bidi adaptations for array package f
or XeTeX engine
)
(/usr/share/texlive/texmf-dist/tex/xelatex/bidi/pgfsys.code-xetex-bidi.def
File: pgfsys.code-xetex-bidi.def 2022/06/01 v0.1 bidi adaptations for pgfsys.co
de.tex file for XeTeX engine
))
(/usr/share/texlive/texmf-dist/tex/xelatex/bidi/loadingorder-xetex-bidi.def
File: loadingorder-xetex-bidi.def 2017/12/29 v0.97 making sure that bidi is the
 last package loaded
)
\bidi@digits=\count350
\bidi@digits@charclass=\XeTeXcharclass2
\bidi@sepmark@charclass=\XeTeXcharclass3
)
(/usr/share/texlive/texmf-dist/tex/latex/polyglossia/arabicnumbers.sty
Package: arabicnumbers 2010/03/18 v0.2 Formatting of Arabic and Farsi digits an
d of Arabic abjad numerals
)
(/usr/share/texlive/texmf-dist/tex/latex/polyglossia/hijrical.sty
Package: hijrical 2010/07/12 v0.2 Islamic calendar

(/usr/share/texlive/texmf-dist/tex/latex/tools/calc.sty
Package: calc 2017/05/25 v4.3 Infix arithmetic (KKT,FJ)
\calc@Acount=\count351
\calc@Bcount=\count352
\calc@Adimen=\dimen310
\calc@Bdimen=\dimen311
\calc@Askip=\skip75
\calc@Bskip=\skip76
LaTeX Info: Redefining \setlength on input line 80.
LaTeX Info: Redefining \addtolength on input line 81.
\calc@Ccount=\count353
\calc@Cskip=\skip77
)
(/usr/share/texlive/texmf-dist/tex/latex/polyglossia/cal-util.def
\c@tmpA=\count354
\c@tmpB=\count355
\c@tmpC=\count356
\c@tmpD=\count357
\c@tmpE=\count358
\c@tmpF=\count359
)
\c@Hijriday=\count360
\c@Hijrimonth=\count361
\c@Hijriyear=\count362
)
The property list \polyglossia@langsetup contains the pairs (without outer
braces):
>  {latex/script}  =>  {latin}
>  {latex/lcscript}  =>  {latin}
>  {latex/scripttag}  =>  {}
>  {latex/language}  =>  {Latex}
>  {latex/langtag}  =>  {ENG}
>  {latex/bcp47}  =>  {}
>  {latex/hyphennames}  =>  {english}
>  {latex/direction}  =>  {LR}
>  {latex/hyphenmins}  =>  {2,3}
>  {latex/frenchspacing}  =>  {false}
>  {latex/indentfirst}  =>  {false}
>  {latex/fontsetup}  =>  {true}
>  {latex/envname}  =>  {latex}
>  {latex/babelname}  =>  {latex}
>  {latex/localnumeral}  =>  {polyglossia@C@localnumeral}
>  {latex/Localnumeral}  =>  {polyglossia@C@localnumeral}
>  {latex/DefineCommandsCmd}  =>  {use_none:n}
>  {english/script}  =>  {latin}
>  {english/lcscript}  =>  {latin}
>  {english/scripttag}  =>  {}
>  {english/language}  =>  {English}
>  {english/langtag}  =>  {ENG}
>  {english/bcp47}  =>  {en-US}
>  {english/hyphennames}  =>  {english,american,usenglish,USenglish}
>  {english/direction}  =>  {LR}
>  {english/hyphenmins}  =>  {2,3}
>  {english/frenchspacing}  =>  {false}
>  {english/indentfirst}  =>  {false}
>  {english/fontsetup}  =>  {true}
>  {english/envname}  =>  {english}
>  {english/babelname}  =>  {american}
>  {english/localnumeral}  =>  {polyglossia@C@localnumeral}
>  {english/Localnumeral}  =>  {polyglossia@C@localnumeral}
>  {english/DefineCommandsCmd}  =>  {xpg_define_language_commands:e}
>  {arabic/script}  =>  {Arabic}
>  {arabic/lcscript}  =>  {arabic}
>  {arabic/scripttag}  =>  {arab}
>  {arabic/language}  =>  {Arabic}
>  {arabic/langtag}  =>  {ARA}
>  {arabic/bcp47}  =>  {ar}
>  {arabic/hyphennames}  =>  {nohyphenation}
>  {arabic/direction}  =>  {RL}
>  {arabic/hyphenmins}  =>  {2,3}
>  {arabic/frenchspacing}  =>  {false}
>  {arabic/indentfirst}  =>  {false}
>  {arabic/fontsetup}  =>  {true}
>  {arabic/envname}  =>  {Arabic}
>  {arabic/babelname}  =>  {arabic}
>  {arabic/localnumeral}  =>  {arabicnumerals}
>  {arabic/Localnumeral}  =>  {arabicnumerals}
>  {arabic/DefineCommandsCmd}  =>  {xpg_define_language_commands:e}.
)

Package fontspec Info: Noto Sans Arabic scale = 0.8041012599370388.


Package fontspec Info: Noto Sans Arabic scale = 0.8041012599370388.


Package fontspec Info: Noto Sans Arabic scale = 0.8041012599370388.


Package fontspec Info: Noto Sans Arabic scale = 0.8041012599370388.


Package fontspec Info: Noto Sans Arabic/B scale = 0.785061794734014.


Package fontspec Info: Font family 'NotoSansArabic(0)' created for font 'Noto
(fontspec)             Sans Arabic' with options
(fontspec)             [Script=Arabic,Scale=MatchLowercase,BoldFont={Noto Sans
(fontspec)             Arabic},ItalicFont={Noto Sans Arabic}].
(fontspec)              
(fontspec)              This font family consists of the following NFSS
(fontspec)             series/shapes:
(fontspec)              
(fontspec)             - 'normal' (m/n) with NFSS spec.:
(fontspec)             <->s*[0.8041012599370388]"Noto Sans
(fontspec)             Arabic/OT:script=arab;language=dflt;"
(fontspec)             - 'small caps'  (m/sc) with NFSS spec.: 
(fontspec)             - 'bold' (b/n) with NFSS spec.:
(fontspec)             <->s*[0.8041012599370388]"Noto Sans
(fontspec)             Arabic/OT:script=arab;language=dflt;"
(fontspec)             - 'bold small caps'  (b/sc) with NFSS spec.: 
(fontspec)             - 'italic' (m/it) with NFSS spec.:
(fontspec)             <->s*[0.8041012599370388]"Noto Sans
(fontspec)             Arabic/OT:script=arab;language=dflt;"
(fontspec)             - 'italic small caps'  (m/scit) with NFSS spec.: 
(fontspec)             - 'bold italic' (b/it) with NFSS spec.:
(fontspec)             <->s*[0.785061794734014]"Noto Sans
(fontspec)             Arabic/B/OT:script=arab;language=dflt;"
(fontspec)             - 'bold italic small caps'  (b/scit) with NFSS spec.: 


(/usr/share/texlive/texmf-dist/tex/latex/comment/comment.sty
\CommentStream=\write4

Excluding comment 'comment')
(/usr/share/texlive/texmf-dist/tex/latex/chngcntr/chngcntr.sty
Package: chngcntr 2018/04/09 v1.1a change counter resetting
Package chngcntr Info: \counterwithout already defined.
(chngcntr)             Quitting chngcntr on input line 21.
)
(/usr/share/texlive/texmf-dist/tex/latex/placeins/placeins.sty
Package: placeins 2005/04/18  v 2.2
)
Package hyperref Info: Option `colorlinks' set `true' on input line 62.

(./Neural_Assi3.aux
LaTeX Info: Redefining \rmfamily on input line 18.
LaTeX Info: Redefining \sffamily on input line 18.
LaTeX Info: Redefining \ttfamily on input line 18.
)
\openout1 = `Neural_Assi3.aux'.

LaTeX Font Info:    Checking defaults for OML/cmm/m/it on input line 88.
LaTeX Font Info:    ... okay on input line 88.
LaTeX Font Info:    Checking defaults for OMS/cmsy/m/n on input line 88.
LaTeX Font Info:    ... okay on input line 88.
LaTeX Font Info:    Checking defaults for OT1/cmr/m/n on input line 88.
LaTeX Font Info:    ... okay on input line 88.
LaTeX Font Info:    Checking defaults for T1/cmr/m/n on input line 88.
LaTeX Font Info:    ... okay on input line 88.
LaTeX Font Info:    Checking defaults for TS1/cmr/m/n on input line 88.
LaTeX Font Info:    Trying to load font information for TS1+cmr on input line 8
8.
 (/usr/share/texlive/texmf-dist/tex/latex/base/ts1cmr.fd
File: ts1cmr.fd 2022/07/10 v2.5l Standard LaTeX font definitions
)
LaTeX Font Info:    ... okay on input line 88.
LaTeX Font Info:    Checking defaults for TU/lmr/m/n on input line 88.
LaTeX Font Info:    ... okay on input line 88.
LaTeX Font Info:    Checking defaults for OMX/cmex/m/n on input line 88.
LaTeX Font Info:    ... okay on input line 88.
LaTeX Font Info:    Checking defaults for U/cmr/m/n on input line 88.
LaTeX Font Info:    ... okay on input line 88.
LaTeX Font Info:    Checking defaults for PD1/pdf/m/n on input line 88.
LaTeX Font Info:    ... okay on input line 88.
LaTeX Font Info:    Checking defaults for PU/pdf/m/n on input line 88.
LaTeX Font Info:    ... okay on input line 88.

*geometry* driver: auto-detecting
*geometry* detected driver: xetex
*geometry* verbose mode - [ preamble ] result:
* driver: xetex
* paper: a4paper
* layout: <same size as paper>
* layoutoffset:(h,v)=(0.0pt,0.0pt)
* modes: 
* h-part:(L,W,R)=(71.13188pt, 455.24411pt, 71.13188pt)
* v-part:(T,H,B)=(71.13188pt, 702.78308pt, 71.13188pt)
* \paperwidth=597.50787pt
* \paperheight=845.04684pt
* \textwidth=455.24411pt
* \textheight=702.78308pt
* \oddsidemargin=-1.1381pt
* \evensidemargin=-1.1381pt
* \topmargin=-38.1381pt
* \headheight=14.0pt
* \headsep=25.0pt
* \topskip=12.0pt
* \footskip=30.0pt
* \marginparwidth=35.0pt
* \marginparsep=10.0pt
* \columnsep=10.0pt
* \skip\footins=10.8pt plus 4.0pt minus 2.0pt
* \hoffset=0.0pt
* \voffset=0.0pt
* \mag=1000
* \@twocolumnfalse
* \@twosidefalse
* \@mparswitchfalse
* \@reversemarginfalse
* (1in=72.27pt=25.4mm, 1cm=28.453pt)

Package hyperref Info: Link coloring ON on input line 88.
Package caption Info: Begin \AtBeginDocument code.
Package caption Info: float package is loaded.
Package caption Info: longtable package is loaded.
(/usr/share/texlive/texmf-dist/tex/latex/caption/ltcaption.sty
Package: ltcaption 2021/01/08 v1.4c longtable captions (AR)
)
Package caption Info: End \AtBeginDocument code.
The property list \__xpg_alias contains the pairs (without outer braces):
>  {latex/target}  =>  {latex}
>  {english/target}  =>  {english}
>  {en/target}  =>  {english}
>  {en-AU/target}  =>  {english}
>  {en-AU/variant}  =>  {australian}
>  {en-AU/options}  =>  {variant=australian}
>  {en-CA/target}  =>  {english}
>  {en-CA/variant}  =>  {canadian}
>  {en-CA/options}  =>  {variant=canadian}
>  {en-GB/target}  =>  {english}
>  {en-GB/variant}  =>  {british}
>  {en-GB/options}  =>  {variant=british}
>  {en-NZ/target}  =>  {english}
>  {en-NZ/variant}  =>  {newzealand}
>  {en-NZ/options}  =>  {variant=newzealand}
>  {en-US/target}  =>  {english}
>  {en-US/variant}  =>  {us}
>  {en-US/options}  =>  {variant=us}
>  {american/target}  =>  {english}
>  {american/variant}  =>  {us}
>  {american/options}  =>  {variant=us}
>  {australian/target}  =>  {english}
>  {australian/variant}  =>  {australian}
>  {australian/options}  =>  {variant=australian}
>  {british/target}  =>  {english}
>  {british/variant}  =>  {british}
>  {british/options}  =>  {variant=british}
>  {canadian/target}  =>  {english}
>  {canadian/variant}  =>  {canadian}
>  {canadian/options}  =>  {variant=canadian}
>  {newzealand/target}  =>  {english}
>  {newzealand/variant}  =>  {newzealand}
>  {newzealand/options}  =>  {variant=newzealand}
>  {arabic/target}  =>  {arabic}
>  {ar/target}  =>  {arabic}
>  {ar-IQ/target}  =>  {arabic}
>  {ar-IQ/options}  =>  {locale=mashriq}
>  {ar-YE/target}  =>  {arabic}
>  {ar-YE/options}  =>  {locale=default}
>  {ar-LB/target}  =>  {arabic}
>  {ar-LB/options}  =>  {locale=mashriq}
>  {ar-JO/target}  =>  {arabic}
>  {ar-JO/options}  =>  {locale=mashriq}
>  {afb/target}  =>  {arabic}
>  {afb/options}  =>  {locale=default}
>  {ar-MR/target}  =>  {arabic}
>  {ar-MR/options}  =>  {locale=mauritania}
>  {arz/target}  =>  {arabic}
>  {arz/options}  =>  {locale=default}
>  {ary/target}  =>  {arabic}
>  {ary/options}  =>  {locale=morocco}
>  {arq/target}  =>  {arabic}
>  {arq/options}  =>  {locale=algeria}
>  {aeb/target}  =>  {arabic}
>  {aeb/options}  =>  {locale=tunisia}
>  {ar-SY/target}  =>  {arabic}
>  {ar-SY/options}  =>  {locale=mashriq}
>  {ayl/target}  =>  {arabic}
>  {ayl/options}  =>  {locale=libya}
>  {apd/target}  =>  {arabic}
>  {apd/options}  =>  {locale=default}
>  {ar-PS/target}  =>  {arabic}
>  {ar-PS/options}  =>  {locale=mashriq}.
LaTeX Info: Redefining \rmfamily on input line 88.
LaTeX Info: Redefining \sffamily on input line 88.
LaTeX Info: Redefining \ttfamily on input line 88.
File: Figures/image1.png Graphic file (type bmp)
<Figures/image1.png>
File: Figures/image2.png Graphic file (type bmp)
<Figures/image2.png>
LaTeX Font Info:    Trying to load font information for OT1+lmr on input line 1
15.

(/usr/share/texlive/texmf-dist/tex/latex/lm/ot1lmr.fd
File: ot1lmr.fd 2015/05/01 v1.6.1 Font defs for Latin Modern
)
LaTeX Font Info:    Trying to load font information for OML+lmm on input line 1
15.

(/usr/share/texlive/texmf-dist/tex/latex/lm/omllmm.fd
File: omllmm.fd 2015/05/01 v1.6.1 Font defs for Latin Modern
)
LaTeX Font Info:    Trying to load font information for OMS+lmsy on input line 
115.

(/usr/share/texlive/texmf-dist/tex/latex/lm/omslmsy.fd
File: omslmsy.fd 2015/05/01 v1.6.1 Font defs for Latin Modern
)
LaTeX Font Info:    Trying to load font information for OMX+lmex on input line 
115.

(/usr/share/texlive/texmf-dist/tex/latex/lm/omxlmex.fd
File: omxlmex.fd 2015/05/01 v1.6.1 Font defs for Latin Modern
)
LaTeX Font Info:    External font `lmex10' loaded for size
(Font)              <12> on input line 115.
LaTeX Font Info:    External font `lmex10' loaded for size
(Font)              <8> on input line 115.
LaTeX Font Info:    External font `lmex10' loaded for size
(Font)              <6> on input line 115.
LaTeX Font Info:    Trying to load font information for U+msa on input line 115
.

(/usr/share/texlive/texmf-dist/tex/latex/amsfonts/umsa.fd
File: umsa.fd 2013/01/14 v3.01 AMS symbols A
)
LaTeX Font Info:    Trying to load font information for U+msb on input line 115
.

(/usr/share/texlive/texmf-dist/tex/latex/amsfonts/umsb.fd
File: umsb.fd 2013/01/14 v3.01 AMS symbols B
) [1

]
(./Neural_Assi3.toc
LaTeX Info: Redefining \rmfamily on input line 1.
LaTeX Info: Redefining \sffamily on input line 1.
LaTeX Info: Redefining \ttfamily on input line 1.
 [1])
\tf@toc=\write5
\openout5 = `Neural_Assi3.toc'.

 [2] (./Neural_Assi3.lof
LaTeX Info: Redefining \rmfamily on input line 1.
LaTeX Info: Redefining \sffamily on input line 1.
LaTeX Info: Redefining \ttfamily on input line 1.
LaTeX Info: Redefining \rmfamily on input line 3.
LaTeX Info: Redefining \sffamily on input line 3.
LaTeX Info: Redefining \ttfamily on input line 3.
LaTeX Info: Redefining \rmfamily on input line 5.
LaTeX Info: Redefining \sffamily on input line 5.
LaTeX Info: Redefining \ttfamily on input line 5.
LaTeX Info: Redefining \rmfamily on input line 7.
LaTeX Info: Redefining \sffamily on input line 7.
LaTeX Info: Redefining \ttfamily on input line 7.
LaTeX Info: Redefining \rmfamily on input line 9.
LaTeX Info: Redefining \sffamily on input line 9.
LaTeX Info: Redefining \ttfamily on input line 9.
LaTeX Info: Redefining \rmfamily on input line 11.
LaTeX Info: Redefining \sffamily on input line 11.
LaTeX Info: Redefining \ttfamily on input line 11.
LaTeX Info: Redefining \rmfamily on input line 13.
LaTeX Info: Redefining \sffamily on input line 13.
LaTeX Info: Redefining \ttfamily on input line 13.
LaTeX Info: Redefining \rmfamily on input line 15.
LaTeX Info: Redefining \sffamily on input line 15.
LaTeX Info: Redefining \ttfamily on input line 15.
LaTeX Info: Redefining \rmfamily on input line 17.
LaTeX Info: Redefining \sffamily on input line 17.
LaTeX Info: Redefining \ttfamily on input line 17.
LaTeX Info: Redefining \rmfamily on input line 19.
LaTeX Info: Redefining \sffamily on input line 19.
LaTeX Info: Redefining \ttfamily on input line 19.
LaTeX Info: Redefining \rmfamily on input line 21.
LaTeX Info: Redefining \sffamily on input line 21.
LaTeX Info: Redefining \ttfamily on input line 21.
LaTeX Info: Redefining \rmfamily on input line 23.
LaTeX Info: Redefining \sffamily on input line 23.
LaTeX Info: Redefining \ttfamily on input line 23.
LaTeX Info: Redefining \rmfamily on input line 24.
LaTeX Info: Redefining \sffamily on input line 24.
LaTeX Info: Redefining \ttfamily on input line 24.
LaTeX Info: Redefining \rmfamily on input line 26.
LaTeX Info: Redefining \sffamily on input line 26.
LaTeX Info: Redefining \ttfamily on input line 26.
LaTeX Info: Redefining \rmfamily on input line 28.
LaTeX Info: Redefining \sffamily on input line 28.
LaTeX Info: Redefining \ttfamily on input line 28.
LaTeX Info: Redefining \rmfamily on input line 30.
LaTeX Info: Redefining \sffamily on input line 30.
LaTeX Info: Redefining \ttfamily on input line 30.
LaTeX Info: Redefining \rmfamily on input line 32.
LaTeX Info: Redefining \sffamily on input line 32.
LaTeX Info: Redefining \ttfamily on input line 32.
LaTeX Info: Redefining \rmfamily on input line 34.
LaTeX Info: Redefining \sffamily on input line 34.
LaTeX Info: Redefining \ttfamily on input line 34.
LaTeX Info: Redefining \rmfamily on input line 36.
LaTeX Info: Redefining \sffamily on input line 36.
LaTeX Info: Redefining \ttfamily on input line 36.
LaTeX Info: Redefining \rmfamily on input line 38.
LaTeX Info: Redefining \sffamily on input line 38.
LaTeX Info: Redefining \ttfamily on input line 38.
LaTeX Info: Redefining \rmfamily on input line 40.
LaTeX Info: Redefining \sffamily on input line 40.
LaTeX Info: Redefining \ttfamily on input line 40.
LaTeX Info: Redefining \rmfamily on input line 42.
LaTeX Info: Redefining \sffamily on input line 42.
LaTeX Info: Redefining \ttfamily on input line 42.
LaTeX Info: Redefining \rmfamily on input line 44.
LaTeX Info: Redefining \sffamily on input line 44.
LaTeX Info: Redefining \ttfamily on input line 44.
LaTeX Info: Redefining \rmfamily on input line 46.
LaTeX Info: Redefining \sffamily on input line 46.
LaTeX Info: Redefining \ttfamily on input line 46.
LaTeX Info: Redefining \rmfamily on input line 48.
LaTeX Info: Redefining \sffamily on input line 48.
LaTeX Info: Redefining \ttfamily on input line 48.
LaTeX Info: Redefining \rmfamily on input line 50.
LaTeX Info: Redefining \sffamily on input line 50.
LaTeX Info: Redefining \ttfamily on input line 50.
LaTeX Info: Redefining \rmfamily on input line 52.
LaTeX Info: Redefining \sffamily on input line 52.
LaTeX Info: Redefining \ttfamily on input line 52.
LaTeX Info: Redefining \rmfamily on input line 54.
LaTeX Info: Redefining \sffamily on input line 54.
LaTeX Info: Redefining \ttfamily on input line 54.
LaTeX Info: Redefining \rmfamily on input line 56.
LaTeX Info: Redefining \sffamily on input line 56.
LaTeX Info: Redefining \ttfamily on input line 56.
LaTeX Info: Redefining \rmfamily on input line 58.
LaTeX Info: Redefining \sffamily on input line 58.
LaTeX Info: Redefining \ttfamily on input line 58.
)
\tf@lof=\write6
\openout6 = `Neural_Assi3.lof'.

 [3] (../prob_1/prob1.tex
[4] [5]
File: ../prob_1/Figures//MNIST_samples.png Graphic file (type bmp)
<../prob_1/Figures//MNIST_samples.png>
 [6]
File: ../prob_1/Figures//vae_aug_samples.png Graphic file (type bmp)
<../prob_1/Figures//vae_aug_samples.png>
 [7]
File: ../prob_1/Figures//vae_run_1.png Graphic file (type bmp)
<../prob_1/Figures//vae_run_1.png>
File: ../prob_1/Figures//vae_run_2.png Graphic file (type bmp)
<../prob_1/Figures//vae_run_2.png>
File: ../prob_1/Figures//vae_run_3.png Graphic file (type bmp)
<../prob_1/Figures//vae_run_3.png>
File: ../prob_1/Figures//vae_run_4.png Graphic file (type bmp)
<../prob_1/Figures//vae_run_4.png>
File: ../prob_1/Figures//vae_run_5.png Graphic file (type bmp)
<../prob_1/Figures//vae_run_5.png>
 [8]
File: ../prob_1/Figures//vae_setA.png Graphic file (type bmp)
<../prob_1/Figures//vae_setA.png>
File: ../prob_1/Figures//vae_setB.png Graphic file (type bmp)
<../prob_1/Figures//vae_setB.png>
File: ../prob_1/Figures//vae_setC.png Graphic file (type bmp)
<../prob_1/Figures//vae_setC.png>
 [9] [10]) [11] (../prob_2/prob2.tex [12] [13]
File: ../prob_2/Figures//GAN_aug_samples.png Graphic file (type bmp)
<../prob_2/Figures//GAN_aug_samples.png>
 [14]
File: ../prob_2/Figures//gan_loss_curve_run_1.png Graphic file (type bmp)
<../prob_2/Figures//gan_loss_curve_run_1.png>
 [15]
File: ../prob_2/Figures//gan_loss_curve_run_2.png Graphic file (type bmp)
<../prob_2/Figures//gan_loss_curve_run_2.png>
File: ../prob_2/Figures//gan_loss_curve_run_3.png Graphic file (type bmp)
<../prob_2/Figures//gan_loss_curve_run_3.png>

[16]
File: ../prob_2/Figures//gan_loss_curve_run_4.png Graphic file (type bmp)
<../prob_2/Figures//gan_loss_curve_run_4.png>
File: ../prob_2/Figures//gan_loss_curve_run_5.png Graphic file (type bmp)
<../prob_2/Figures//gan_loss_curve_run_5.png>
 [17]
File: ../prob_2/Figures//gan_mistakes_run_1.png Graphic file (type bmp)
<../prob_2/Figures//gan_mistakes_run_1.png>
File: ../prob_2/Figures//gan_mistakes_run_2.png Graphic file (type bmp)
<../prob_2/Figures//gan_mistakes_run_2.png>
 [18]
File: ../prob_2/Figures//gan_mistakes_run_3.png Graphic file (type bmp)
<../prob_2/Figures//gan_mistakes_run_3.png>
File: ../prob_2/Figures//gan_mistakes_run_4.png Graphic file (type bmp)
<../prob_2/Figures//gan_mistakes_run_4.png>
File: ../prob_2/Figures//gan_mistakes_run_5.png Graphic file (type bmp)
<../prob_2/Figures//gan_mistakes_run_5.png>
 [19]
File: ../prob_2/Figures//gan_run_1.png Graphic file (type bmp)
<../prob_2/Figures//gan_run_1.png>
File: ../prob_2/Figures//gan_setA.png Graphic file (type bmp)
<../prob_2/Figures//gan_setA.png>
 [20]
File: ../prob_2/Figures//gan_setB.png Graphic file (type bmp)
<../prob_2/Figures//gan_setB.png>
File: ../prob_2/Figures//gan_setC.png Graphic file (type bmp)
<../prob_2/Figures//gan_setC.png>
File: ../prob_2/Figures//GAN_results_plot.png Graphic file (type bmp)
<../prob_2/Figures//GAN_results_plot.png>
 [21] [22]) [23] (../prob_3/prob3.tex) [24]
(../prob_4/prob4.tex
\tcw=\skip78
\rcw=\skip79
LaTeX Font Info:    Font shape `TU/NotoSansArabic(0)/m/it' will be
(Font)              scaled to size 9.64929pt on input line 56.
LaTeX Info: Redefining \rmfamily on input line 56.
LaTeX Info: Redefining \sffamily on input line 56.
LaTeX Info: Redefining \ttfamily on input line 56.
LaTeX Info: Redefining \rmfamily on input line 57.
LaTeX Info: Redefining \sffamily on input line 57.
LaTeX Info: Redefining \ttfamily on input line 57.
LaTeX Font Info:    Font shape `TU/NotoSansArabic(0)/m/n' will be
(Font)              scaled to size 9.64929pt on input line 65.
LaTeX Info: Redefining \rmfamily on input line 65.
LaTeX Info: Redefining \sffamily on input line 65.
LaTeX Info: Redefining \ttfamily on input line 65.
LaTeX Info: Redefining \rmfamily on input line 66.
LaTeX Info: Redefining \sffamily on input line 66.
LaTeX Info: Redefining \ttfamily on input line 66.
LaTeX Info: Redefining \rmfamily on input line 81.
LaTeX Info: Redefining \sffamily on input line 81.
LaTeX Info: Redefining \ttfamily on input line 81.
LaTeX Info: Redefining \rmfamily on input line 81.
LaTeX Info: Redefining \sffamily on input line 81.
LaTeX Info: Redefining \ttfamily on input line 81.
LaTeX Info: Redefining \rmfamily on input line 81.
LaTeX Info: Redefining \sffamily on input line 81.
LaTeX Info: Redefining \ttfamily on input line 81.
LaTeX Info: Redefining \rmfamily on input line 82.
LaTeX Info: Redefining \sffamily on input line 82.
LaTeX Info: Redefining \ttfamily on input line 82.
LaTeX Info: Redefining \rmfamily on input line 83.
LaTeX Info: Redefining \sffamily on input line 83.
LaTeX Info: Redefining \ttfamily on input line 83.
LaTeX Info: Redefining \rmfamily on input line 83.
LaTeX Info: Redefining \sffamily on input line 83.
LaTeX Info: Redefining \ttfamily on input line 83.
LaTeX Info: Redefining \rmfamily on input line 84.
LaTeX Info: Redefining \sffamily on input line 84.
LaTeX Info: Redefining \ttfamily on input line 84.
LaTeX Info: Redefining \rmfamily on input line 84.
LaTeX Info: Redefining \sffamily on input line 84.
LaTeX Info: Redefining \ttfamily on input line 84.
 [25]
Overfull \hbox (2.23991pt too wide) in paragraph at lines 130--138
[][]\TU/lmr/m/n/12 Each paragraph is tokenized into Ara-[]
 []

LaTeX Font Info:    Font shape `TU/lmtt/bx/n' in size <12> not available
(Font)              Font shape `TU/lmtt/b/n' tried instead on input line 154.
[26]
LaTeX Info: Redefining \rmfamily on input line 230.
LaTeX Info: Redefining \sffamily on input line 230.
LaTeX Info: Redefining \ttfamily on input line 230.
LaTeX Font Info:    Font shape `TU/NotoSansArabic(0)/m/n' will be
(Font)              scaled to size 8.80496pt on input line 232.
LaTeX Info: Redefining \rmfamily on input line 232.
LaTeX Info: Redefining \sffamily on input line 232.
LaTeX Info: Redefining \ttfamily on input line 232.
LaTeX Info: Redefining \rmfamily on input line 232.
LaTeX Info: Redefining \sffamily on input line 232.
LaTeX Info: Redefining \ttfamily on input line 232.
LaTeX Info: Redefining \rmfamily on input line 233.
LaTeX Info: Redefining \sffamily on input line 233.
LaTeX Info: Redefining \ttfamily on input line 233.
LaTeX Info: Redefining \rmfamily on input line 233.
LaTeX Info: Redefining \sffamily on input line 233.
LaTeX Info: Redefining \ttfamily on input line 233.
LaTeX Info: Redefining \rmfamily on input line 234.
LaTeX Info: Redefining \sffamily on input line 234.
LaTeX Info: Redefining \ttfamily on input line 234.
LaTeX Info: Redefining \rmfamily on input line 234.
LaTeX Info: Redefining \sffamily on input line 234.
LaTeX Info: Redefining \ttfamily on input line 234.
LaTeX Info: Redefining \rmfamily on input line 235.
LaTeX Info: Redefining \sffamily on input line 235.
LaTeX Info: Redefining \ttfamily on input line 235.
LaTeX Info: Redefining \rmfamily on input line 235.
LaTeX Info: Redefining \sffamily on input line 235.
LaTeX Info: Redefining \ttfamily on input line 235.
LaTeX Info: Redefining \rmfamily on input line 236.
LaTeX Info: Redefining \sffamily on input line 236.
LaTeX Info: Redefining \ttfamily on input line 236.
LaTeX Info: Redefining \rmfamily on input line 236.
LaTeX Info: Redefining \sffamily on input line 236.
LaTeX Info: Redefining \ttfamily on input line 236.

Overfull \hbox (62.48569pt too wide) in paragraph at lines 230--238
[][] []
 []

[27]
LaTeX Info: Redefining \rmfamily on input line 240.
LaTeX Info: Redefining \sffamily on input line 240.
LaTeX Info: Redefining \ttfamily on input line 240.
LaTeX Info: Redefining \rmfamily on input line 242.
LaTeX Info: Redefining \sffamily on input line 242.
LaTeX Info: Redefining \ttfamily on input line 242.
LaTeX Info: Redefining \rmfamily on input line 242.
LaTeX Info: Redefining \sffamily on input line 242.
LaTeX Info: Redefining \ttfamily on input line 242.
LaTeX Info: Redefining \rmfamily on input line 243.
LaTeX Info: Redefining \sffamily on input line 243.
LaTeX Info: Redefining \ttfamily on input line 243.
LaTeX Info: Redefining \rmfamily on input line 243.
LaTeX Info: Redefining \sffamily on input line 243.
LaTeX Info: Redefining \ttfamily on input line 243.
LaTeX Info: Redefining \rmfamily on input line 244.
LaTeX Info: Redefining \sffamily on input line 244.
LaTeX Info: Redefining \ttfamily on input line 244.
LaTeX Info: Redefining \rmfamily on input line 244.
LaTeX Info: Redefining \sffamily on input line 244.
LaTeX Info: Redefining \ttfamily on input line 244.
LaTeX Info: Redefining \rmfamily on input line 245.
LaTeX Info: Redefining \sffamily on input line 245.
LaTeX Info: Redefining \ttfamily on input line 245.
LaTeX Info: Redefining \rmfamily on input line 245.
LaTeX Info: Redefining \sffamily on input line 245.
LaTeX Info: Redefining \ttfamily on input line 245.
LaTeX Info: Redefining \rmfamily on input line 246.
LaTeX Info: Redefining \sffamily on input line 246.
LaTeX Info: Redefining \ttfamily on input line 246.
LaTeX Info: Redefining \rmfamily on input line 246.
LaTeX Info: Redefining \sffamily on input line 246.
LaTeX Info: Redefining \ttfamily on input line 246.

Overfull \hbox (62.48569pt too wide) in paragraph at lines 240--248
[][] []
 []

LaTeX Info: Redefining \rmfamily on input line 250.
LaTeX Info: Redefining \sffamily on input line 250.
LaTeX Info: Redefining \ttfamily on input line 250.
LaTeX Info: Redefining \rmfamily on input line 252.
LaTeX Info: Redefining \sffamily on input line 252.
LaTeX Info: Redefining \ttfamily on input line 252.
LaTeX Info: Redefining \rmfamily on input line 252.
LaTeX Info: Redefining \sffamily on input line 252.
LaTeX Info: Redefining \ttfamily on input line 252.
LaTeX Info: Redefining \rmfamily on input line 253.
LaTeX Info: Redefining \sffamily on input line 253.
LaTeX Info: Redefining \ttfamily on input line 253.
LaTeX Info: Redefining \rmfamily on input line 253.
LaTeX Info: Redefining \sffamily on input line 253.
LaTeX Info: Redefining \ttfamily on input line 253.
LaTeX Info: Redefining \rmfamily on input line 254.
LaTeX Info: Redefining \sffamily on input line 254.
LaTeX Info: Redefining \ttfamily on input line 254.
LaTeX Info: Redefining \rmfamily on input line 254.
LaTeX Info: Redefining \sffamily on input line 254.
LaTeX Info: Redefining \ttfamily on input line 254.
LaTeX Info: Redefining \rmfamily on input line 255.
LaTeX Info: Redefining \sffamily on input line 255.
LaTeX Info: Redefining \ttfamily on input line 255.
LaTeX Info: Redefining \rmfamily on input line 255.
LaTeX Info: Redefining \sffamily on input line 255.
LaTeX Info: Redefining \ttfamily on input line 255.
LaTeX Info: Redefining \rmfamily on input line 256.
LaTeX Info: Redefining \sffamily on input line 256.
LaTeX Info: Redefining \ttfamily on input line 256.
LaTeX Info: Redefining \rmfamily on input line 256.
LaTeX Info: Redefining \sffamily on input line 256.
LaTeX Info: Redefining \ttfamily on input line 256.

Overfull \hbox (62.48569pt too wide) in paragraph at lines 250--258
[][] []
 []

[28]
LaTeX Info: Redefining \rmfamily on input line 260.
LaTeX Info: Redefining \sffamily on input line 260.
LaTeX Info: Redefining \ttfamily on input line 260.
LaTeX Info: Redefining \rmfamily on input line 262.
LaTeX Info: Redefining \sffamily on input line 262.
LaTeX Info: Redefining \ttfamily on input line 262.
LaTeX Info: Redefining \rmfamily on input line 262.
LaTeX Info: Redefining \sffamily on input line 262.
LaTeX Info: Redefining \ttfamily on input line 262.
LaTeX Info: Redefining \rmfamily on input line 263.
LaTeX Info: Redefining \sffamily on input line 263.
LaTeX Info: Redefining \ttfamily on input line 263.
LaTeX Info: Redefining \rmfamily on input line 263.
LaTeX Info: Redefining \sffamily on input line 263.
LaTeX Info: Redefining \ttfamily on input line 263.
LaTeX Info: Redefining \rmfamily on input line 264.
LaTeX Info: Redefining \sffamily on input line 264.
LaTeX Info: Redefining \ttfamily on input line 264.
LaTeX Info: Redefining \rmfamily on input line 264.
LaTeX Info: Redefining \sffamily on input line 264.
LaTeX Info: Redefining \ttfamily on input line 264.
LaTeX Info: Redefining \rmfamily on input line 265.
LaTeX Info: Redefining \sffamily on input line 265.
LaTeX Info: Redefining \ttfamily on input line 265.
LaTeX Info: Redefining \rmfamily on input line 265.
LaTeX Info: Redefining \sffamily on input line 265.
LaTeX Info: Redefining \ttfamily on input line 265.
LaTeX Info: Redefining \rmfamily on input line 266.
LaTeX Info: Redefining \sffamily on input line 266.
LaTeX Info: Redefining \ttfamily on input line 266.
LaTeX Info: Redefining \rmfamily on input line 266.
LaTeX Info: Redefining \sffamily on input line 266.
LaTeX Info: Redefining \ttfamily on input line 266.

Overfull \hbox (62.48569pt too wide) in paragraph at lines 260--268
[][] []
 []

LaTeX Info: Redefining \rmfamily on input line 270.
LaTeX Info: Redefining \sffamily on input line 270.
LaTeX Info: Redefining \ttfamily on input line 270.
LaTeX Info: Redefining \rmfamily on input line 272.
LaTeX Info: Redefining \sffamily on input line 272.
LaTeX Info: Redefining \ttfamily on input line 272.
LaTeX Info: Redefining \rmfamily on input line 272.
LaTeX Info: Redefining \sffamily on input line 272.
LaTeX Info: Redefining \ttfamily on input line 272.
LaTeX Info: Redefining \rmfamily on input line 273.
LaTeX Info: Redefining \sffamily on input line 273.
LaTeX Info: Redefining \ttfamily on input line 273.
LaTeX Info: Redefining \rmfamily on input line 273.
LaTeX Info: Redefining \sffamily on input line 273.
LaTeX Info: Redefining \ttfamily on input line 273.
LaTeX Info: Redefining \rmfamily on input line 274.
LaTeX Info: Redefining \sffamily on input line 274.
LaTeX Info: Redefining \ttfamily on input line 274.
LaTeX Info: Redefining \rmfamily on input line 274.
LaTeX Info: Redefining \sffamily on input line 274.
LaTeX Info: Redefining \ttfamily on input line 274.
LaTeX Info: Redefining \rmfamily on input line 275.
LaTeX Info: Redefining \sffamily on input line 275.
LaTeX Info: Redefining \ttfamily on input line 275.
LaTeX Info: Redefining \rmfamily on input line 275.
LaTeX Info: Redefining \sffamily on input line 275.
LaTeX Info: Redefining \ttfamily on input line 275.
LaTeX Info: Redefining \rmfamily on input line 276.
LaTeX Info: Redefining \sffamily on input line 276.
LaTeX Info: Redefining \ttfamily on input line 276.
LaTeX Info: Redefining \rmfamily on input line 276.
LaTeX Info: Redefining \sffamily on input line 276.
LaTeX Info: Redefining \ttfamily on input line 276.

Overfull \hbox (62.48569pt too wide) in paragraph at lines 270--278
[][] []
 []

[29]
LaTeX Info: Redefining \rmfamily on input line 280.
LaTeX Info: Redefining \sffamily on input line 280.
LaTeX Info: Redefining \ttfamily on input line 280.
LaTeX Info: Redefining \rmfamily on input line 282.
LaTeX Info: Redefining \sffamily on input line 282.
LaTeX Info: Redefining \ttfamily on input line 282.
LaTeX Info: Redefining \rmfamily on input line 282.
LaTeX Info: Redefining \sffamily on input line 282.
LaTeX Info: Redefining \ttfamily on input line 282.
LaTeX Info: Redefining \rmfamily on input line 283.
LaTeX Info: Redefining \sffamily on input line 283.
LaTeX Info: Redefining \ttfamily on input line 283.
LaTeX Info: Redefining \rmfamily on input line 283.
LaTeX Info: Redefining \sffamily on input line 283.
LaTeX Info: Redefining \ttfamily on input line 283.
LaTeX Info: Redefining \rmfamily on input line 284.
LaTeX Info: Redefining \sffamily on input line 284.
LaTeX Info: Redefining \ttfamily on input line 284.
LaTeX Info: Redefining \rmfamily on input line 284.
LaTeX Info: Redefining \sffamily on input line 284.
LaTeX Info: Redefining \ttfamily on input line 284.
LaTeX Info: Redefining \rmfamily on input line 285.
LaTeX Info: Redefining \sffamily on input line 285.
LaTeX Info: Redefining \ttfamily on input line 285.
LaTeX Info: Redefining \rmfamily on input line 285.
LaTeX Info: Redefining \sffamily on input line 285.
LaTeX Info: Redefining \ttfamily on input line 285.
LaTeX Info: Redefining \rmfamily on input line 286.
LaTeX Info: Redefining \sffamily on input line 286.
LaTeX Info: Redefining \ttfamily on input line 286.
LaTeX Info: Redefining \rmfamily on input line 286.
LaTeX Info: Redefining \sffamily on input line 286.
LaTeX Info: Redefining \ttfamily on input line 286.

Overfull \hbox (62.48569pt too wide) in paragraph at lines 280--288
[][] []
 []

LaTeX Info: Redefining \rmfamily on input line 290.
LaTeX Info: Redefining \sffamily on input line 290.
LaTeX Info: Redefining \ttfamily on input line 290.
LaTeX Info: Redefining \rmfamily on input line 292.
LaTeX Info: Redefining \sffamily on input line 292.
LaTeX Info: Redefining \ttfamily on input line 292.
LaTeX Info: Redefining \rmfamily on input line 292.
LaTeX Info: Redefining \sffamily on input line 292.
LaTeX Info: Redefining \ttfamily on input line 292.
LaTeX Info: Redefining \rmfamily on input line 293.
LaTeX Info: Redefining \sffamily on input line 293.
LaTeX Info: Redefining \ttfamily on input line 293.
LaTeX Info: Redefining \rmfamily on input line 293.
LaTeX Info: Redefining \sffamily on input line 293.
LaTeX Info: Redefining \ttfamily on input line 293.
LaTeX Info: Redefining \rmfamily on input line 294.
LaTeX Info: Redefining \sffamily on input line 294.
LaTeX Info: Redefining \ttfamily on input line 294.
LaTeX Info: Redefining \rmfamily on input line 294.
LaTeX Info: Redefining \sffamily on input line 294.
LaTeX Info: Redefining \ttfamily on input line 294.
LaTeX Info: Redefining \rmfamily on input line 295.
LaTeX Info: Redefining \sffamily on input line 295.
LaTeX Info: Redefining \ttfamily on input line 295.
LaTeX Info: Redefining \rmfamily on input line 295.
LaTeX Info: Redefining \sffamily on input line 295.
LaTeX Info: Redefining \ttfamily on input line 295.
LaTeX Info: Redefining \rmfamily on input line 296.
LaTeX Info: Redefining \sffamily on input line 296.
LaTeX Info: Redefining \ttfamily on input line 296.
LaTeX Info: Redefining \rmfamily on input line 296.
LaTeX Info: Redefining \sffamily on input line 296.
LaTeX Info: Redefining \ttfamily on input line 296.

Overfull \hbox (62.48569pt too wide) in paragraph at lines 290--298
[][] []
 []

[30]
LaTeX Info: Redefining \rmfamily on input line 300.
LaTeX Info: Redefining \sffamily on input line 300.
LaTeX Info: Redefining \ttfamily on input line 300.
LaTeX Info: Redefining \rmfamily on input line 302.
LaTeX Info: Redefining \sffamily on input line 302.
LaTeX Info: Redefining \ttfamily on input line 302.
LaTeX Info: Redefining \rmfamily on input line 302.
LaTeX Info: Redefining \sffamily on input line 302.
LaTeX Info: Redefining \ttfamily on input line 302.
LaTeX Info: Redefining \rmfamily on input line 303.
LaTeX Info: Redefining \sffamily on input line 303.
LaTeX Info: Redefining \ttfamily on input line 303.
LaTeX Info: Redefining \rmfamily on input line 303.
LaTeX Info: Redefining \sffamily on input line 303.
LaTeX Info: Redefining \ttfamily on input line 303.
LaTeX Info: Redefining \rmfamily on input line 304.
LaTeX Info: Redefining \sffamily on input line 304.
LaTeX Info: Redefining \ttfamily on input line 304.
LaTeX Info: Redefining \rmfamily on input line 304.
LaTeX Info: Redefining \sffamily on input line 304.
LaTeX Info: Redefining \ttfamily on input line 304.
LaTeX Info: Redefining \rmfamily on input line 305.
LaTeX Info: Redefining \sffamily on input line 305.
LaTeX Info: Redefining \ttfamily on input line 305.
LaTeX Info: Redefining \rmfamily on input line 305.
LaTeX Info: Redefining \sffamily on input line 305.
LaTeX Info: Redefining \ttfamily on input line 305.
LaTeX Info: Redefining \rmfamily on input line 306.
LaTeX Info: Redefining \sffamily on input line 306.
LaTeX Info: Redefining \ttfamily on input line 306.
LaTeX Info: Redefining \rmfamily on input line 306.
LaTeX Info: Redefining \sffamily on input line 306.
LaTeX Info: Redefining \ttfamily on input line 306.

Overfull \hbox (62.48569pt too wide) in paragraph at lines 300--308
[][] []
 []

LaTeX Info: Redefining \rmfamily on input line 310.
LaTeX Info: Redefining \sffamily on input line 310.
LaTeX Info: Redefining \ttfamily on input line 310.
LaTeX Info: Redefining \rmfamily on input line 312.
LaTeX Info: Redefining \sffamily on input line 312.
LaTeX Info: Redefining \ttfamily on input line 312.
LaTeX Info: Redefining \rmfamily on input line 312.
LaTeX Info: Redefining \sffamily on input line 312.
LaTeX Info: Redefining \ttfamily on input line 312.
LaTeX Info: Redefining \rmfamily on input line 313.
LaTeX Info: Redefining \sffamily on input line 313.
LaTeX Info: Redefining \ttfamily on input line 313.
LaTeX Info: Redefining \rmfamily on input line 313.
LaTeX Info: Redefining \sffamily on input line 313.
LaTeX Info: Redefining \ttfamily on input line 313.
LaTeX Info: Redefining \rmfamily on input line 314.
LaTeX Info: Redefining \sffamily on input line 314.
LaTeX Info: Redefining \ttfamily on input line 314.
LaTeX Info: Redefining \rmfamily on input line 314.
LaTeX Info: Redefining \sffamily on input line 314.
LaTeX Info: Redefining \ttfamily on input line 314.
LaTeX Info: Redefining \rmfamily on input line 315.
LaTeX Info: Redefining \sffamily on input line 315.
LaTeX Info: Redefining \ttfamily on input line 315.
LaTeX Info: Redefining \rmfamily on input line 315.
LaTeX Info: Redefining \sffamily on input line 315.
LaTeX Info: Redefining \ttfamily on input line 315.
LaTeX Info: Redefining \rmfamily on input line 316.
LaTeX Info: Redefining \sffamily on input line 316.
LaTeX Info: Redefining \ttfamily on input line 316.
LaTeX Info: Redefining \rmfamily on input line 316.
LaTeX Info: Redefining \sffamily on input line 316.
LaTeX Info: Redefining \ttfamily on input line 316.

Overfull \hbox (62.48569pt too wide) in paragraph at lines 310--318
[][] []
 []

[31]
LaTeX Info: Redefining \rmfamily on input line 320.
LaTeX Info: Redefining \sffamily on input line 320.
LaTeX Info: Redefining \ttfamily on input line 320.
LaTeX Info: Redefining \rmfamily on input line 322.
LaTeX Info: Redefining \sffamily on input line 322.
LaTeX Info: Redefining \ttfamily on input line 322.
LaTeX Info: Redefining \rmfamily on input line 322.
LaTeX Info: Redefining \sffamily on input line 322.
LaTeX Info: Redefining \ttfamily on input line 322.
LaTeX Info: Redefining \rmfamily on input line 323.
LaTeX Info: Redefining \sffamily on input line 323.
LaTeX Info: Redefining \ttfamily on input line 323.
LaTeX Info: Redefining \rmfamily on input line 323.
LaTeX Info: Redefining \sffamily on input line 323.
LaTeX Info: Redefining \ttfamily on input line 323.
LaTeX Info: Redefining \rmfamily on input line 324.
LaTeX Info: Redefining \sffamily on input line 324.
LaTeX Info: Redefining \ttfamily on input line 324.
LaTeX Info: Redefining \rmfamily on input line 324.
LaTeX Info: Redefining \sffamily on input line 324.
LaTeX Info: Redefining \ttfamily on input line 324.
LaTeX Info: Redefining \rmfamily on input line 325.
LaTeX Info: Redefining \sffamily on input line 325.
LaTeX Info: Redefining \ttfamily on input line 325.
LaTeX Info: Redefining \rmfamily on input line 325.
LaTeX Info: Redefining \sffamily on input line 325.
LaTeX Info: Redefining \ttfamily on input line 325.
LaTeX Info: Redefining \rmfamily on input line 326.
LaTeX Info: Redefining \sffamily on input line 326.
LaTeX Info: Redefining \ttfamily on input line 326.
LaTeX Info: Redefining \rmfamily on input line 326.
LaTeX Info: Redefining \sffamily on input line 326.
LaTeX Info: Redefining \ttfamily on input line 326.

Overfull \hbox (62.48569pt too wide) in paragraph at lines 320--328
[][] []
 []

LaTeX Info: Redefining \rmfamily on input line 337.
LaTeX Info: Redefining \sffamily on input line 337.
LaTeX Info: Redefining \ttfamily on input line 337.
LaTeX Info: Redefining \rmfamily on input line 339.
LaTeX Info: Redefining \sffamily on input line 339.
LaTeX Info: Redefining \ttfamily on input line 339.
LaTeX Info: Redefining \rmfamily on input line 339.
LaTeX Info: Redefining \sffamily on input line 339.
LaTeX Info: Redefining \ttfamily on input line 339.

Overfull \hbox (0.62335pt too wide) in paragraph at lines 337--341
[][] []
 []

[32]
LaTeX Info: Redefining \rmfamily on input line 342.
LaTeX Info: Redefining \sffamily on input line 342.
LaTeX Info: Redefining \ttfamily on input line 342.
LaTeX Info: Redefining \rmfamily on input line 344.
LaTeX Info: Redefining \sffamily on input line 344.
LaTeX Info: Redefining \ttfamily on input line 344.
LaTeX Info: Redefining \rmfamily on input line 344.
LaTeX Info: Redefining \sffamily on input line 344.
LaTeX Info: Redefining \ttfamily on input line 344.

Overfull \hbox (0.62335pt too wide) in paragraph at lines 342--346
[][] []
 []

LaTeX Info: Redefining \rmfamily on input line 347.
LaTeX Info: Redefining \sffamily on input line 347.
LaTeX Info: Redefining \ttfamily on input line 347.
LaTeX Info: Redefining \rmfamily on input line 349.
LaTeX Info: Redefining \sffamily on input line 349.
LaTeX Info: Redefining \ttfamily on input line 349.
LaTeX Info: Redefining \rmfamily on input line 349.
LaTeX Info: Redefining \sffamily on input line 349.
LaTeX Info: Redefining \ttfamily on input line 349.

Overfull \hbox (0.62335pt too wide) in paragraph at lines 347--351
[][] []
 []

LaTeX Info: Redefining \rmfamily on input line 352.
LaTeX Info: Redefining \sffamily on input line 352.
LaTeX Info: Redefining \ttfamily on input line 352.
LaTeX Info: Redefining \rmfamily on input line 354.
LaTeX Info: Redefining \sffamily on input line 354.
LaTeX Info: Redefining \ttfamily on input line 354.
LaTeX Info: Redefining \rmfamily on input line 354.
LaTeX Info: Redefining \sffamily on input line 354.
LaTeX Info: Redefining \ttfamily on input line 354.

Overfull \hbox (0.62335pt too wide) in paragraph at lines 352--356
[][] []
 []

LaTeX Info: Redefining \rmfamily on input line 357.
LaTeX Info: Redefining \sffamily on input line 357.
LaTeX Info: Redefining \ttfamily on input line 357.
LaTeX Info: Redefining \rmfamily on input line 359.
LaTeX Info: Redefining \sffamily on input line 359.
LaTeX Info: Redefining \ttfamily on input line 359.
LaTeX Info: Redefining \rmfamily on input line 359.
LaTeX Info: Redefining \sffamily on input line 359.
LaTeX Info: Redefining \ttfamily on input line 359.

Overfull \hbox (0.62335pt too wide) in paragraph at lines 357--361
[][] []
 []

LaTeX Info: Redefining \rmfamily on input line 362.
LaTeX Info: Redefining \sffamily on input line 362.
LaTeX Info: Redefining \ttfamily on input line 362.
LaTeX Info: Redefining \rmfamily on input line 364.
LaTeX Info: Redefining \sffamily on input line 364.
LaTeX Info: Redefining \ttfamily on input line 364.
LaTeX Info: Redefining \rmfamily on input line 364.
LaTeX Info: Redefining \sffamily on input line 364.
LaTeX Info: Redefining \ttfamily on input line 364.

Overfull \hbox (0.62335pt too wide) in paragraph at lines 362--366
[][] []
 []

[33]
LaTeX Info: Redefining \rmfamily on input line 367.
LaTeX Info: Redefining \sffamily on input line 367.
LaTeX Info: Redefining \ttfamily on input line 367.
LaTeX Info: Redefining \rmfamily on input line 369.
LaTeX Info: Redefining \sffamily on input line 369.
LaTeX Info: Redefining \ttfamily on input line 369.
LaTeX Info: Redefining \rmfamily on input line 369.
LaTeX Info: Redefining \sffamily on input line 369.
LaTeX Info: Redefining \ttfamily on input line 369.

Overfull \hbox (0.62335pt too wide) in paragraph at lines 367--371
[][] []
 []

LaTeX Info: Redefining \rmfamily on input line 372.
LaTeX Info: Redefining \sffamily on input line 372.
LaTeX Info: Redefining \ttfamily on input line 372.
LaTeX Info: Redefining \rmfamily on input line 374.
LaTeX Info: Redefining \sffamily on input line 374.
LaTeX Info: Redefining \ttfamily on input line 374.
LaTeX Info: Redefining \rmfamily on input line 374.
LaTeX Info: Redefining \sffamily on input line 374.
LaTeX Info: Redefining \ttfamily on input line 374.

Overfull \hbox (0.62335pt too wide) in paragraph at lines 372--376
[][] []
 []

LaTeX Info: Redefining \rmfamily on input line 379.
LaTeX Info: Redefining \sffamily on input line 379.
LaTeX Info: Redefining \ttfamily on input line 379.
LaTeX Info: Redefining \rmfamily on input line 381.
LaTeX Info: Redefining \sffamily on input line 381.
LaTeX Info: Redefining \ttfamily on input line 381.
LaTeX Info: Redefining \rmfamily on input line 381.
LaTeX Info: Redefining \sffamily on input line 381.
LaTeX Info: Redefining \ttfamily on input line 381.

Overfull \hbox (0.62335pt too wide) in paragraph at lines 379--383
[][] []
 []

LaTeX Info: Redefining \rmfamily on input line 384.
LaTeX Info: Redefining \sffamily on input line 384.
LaTeX Info: Redefining \ttfamily on input line 384.
LaTeX Info: Redefining \rmfamily on input line 386.
LaTeX Info: Redefining \sffamily on input line 386.
LaTeX Info: Redefining \ttfamily on input line 386.
LaTeX Info: Redefining \rmfamily on input line 386.
LaTeX Info: Redefining \sffamily on input line 386.
LaTeX Info: Redefining \ttfamily on input line 386.

Overfull \hbox (0.62335pt too wide) in paragraph at lines 384--388
[][] []
 []

[34]
Underfull \hbox (badness 10000) in paragraph at lines 413--413
[][]|\TU/lmr/bx/n/12 Semantic (Embed-[]
 []


Underfull \hbox (badness 10000) in paragraph at lines 413--413
[][]|\TU/lmr/m/n/12 Indirect / descriptive[]
 []

[35]
Overfull \hbox (115.23192pt too wide) in paragraph at lines 503--505
[][]\TU/lmr/bx/n/12 SentenceTransformers \TU/lmr/m/n/12 — multilingual embeddin
g model (\TU/lmtt/m/n/12 paraphrase-multilingual-mpnet-base-v2\TU/lmr/m/n/12 ) 
[]
 []

) [36] (../prob_5/prob5.tex) [37]
The property list \polyglossia@langsetup contains the pairs (without outer
braces):
>  {latex/script}  =>  {latin}
>  {latex/lcscript}  =>  {latin}
>  {latex/scripttag}  =>  {}
>  {latex/language}  =>  {Latex}
>  {latex/langtag}  =>  {ENG}
>  {latex/bcp47}  =>  {}
>  {latex/hyphennames}  =>  {english}
>  {latex/direction}  =>  {LR}
>  {latex/hyphenmins}  =>  {2,3}
>  {latex/frenchspacing}  =>  {false}
>  {latex/indentfirst}  =>  {false}
>  {latex/fontsetup}  =>  {true}
>  {latex/envname}  =>  {latex}
>  {latex/babelname}  =>  {latex}
>  {latex/localnumeral}  =>  {polyglossia@C@localnumeral}
>  {latex/Localnumeral}  =>  {polyglossia@C@localnumeral}
>  {latex/DefineCommandsCmd}  =>  {use_none:n}
>  {english/script}  =>  {latin}
>  {english/lcscript}  =>  {latin}
>  {english/scripttag}  =>  {}
>  {english/language}  =>  {English}
>  {english/langtag}  =>  {ENG}
>  {english/bcp47}  =>  {en-US}
>  {english/hyphennames}  =>  {english,american,usenglish,USenglish}
>  {english/direction}  =>  {LR}
>  {english/hyphenmins}  =>  {2,3}
>  {english/frenchspacing}  =>  {false}
>  {english/indentfirst}  =>  {false}
>  {english/fontsetup}  =>  {true}
>  {english/envname}  =>  {english}
>  {english/babelname}  =>  {american}
>  {english/localnumeral}  =>  {polyglossia@C@localnumeral}
>  {english/Localnumeral}  =>  {polyglossia@C@localnumeral}
>  {english/DefineCommandsCmd}  =>  {xpg_define_language_commands:e}
>  {arabic/script}  =>  {Arabic}
>  {arabic/lcscript}  =>  {arabic}
>  {arabic/scripttag}  =>  {arab}
>  {arabic/language}  =>  {Arabic}
>  {arabic/langtag}  =>  {ARA}
>  {arabic/bcp47}  =>  {ar}
>  {arabic/hyphennames}  =>  {nohyphenation}
>  {arabic/direction}  =>  {RL}
>  {arabic/hyphenmins}  =>  {2,3}
>  {arabic/frenchspacing}  =>  {false}
>  {arabic/indentfirst}  =>  {false}
>  {arabic/fontsetup}  =>  {true}
>  {arabic/envname}  =>  {Arabic}
>  {arabic/babelname}  =>  {arabic}
>  {arabic/localnumeral}  =>  {arabicnumerals}
>  {arabic/Localnumeral}  =>  {arabicnumerals}
>  {arabic/DefineCommandsCmd}  =>  {xpg_define_language_commands:e}.
The property list \__xpg_alias contains the pairs (without outer braces):
>  {latex/target}  =>  {latex}
>  {english/target}  =>  {english}
>  {en/target}  =>  {english}
>  {en-AU/target}  =>  {english}
>  {en-AU/variant}  =>  {australian}
>  {en-AU/options}  =>  {variant=australian}
>  {en-CA/target}  =>  {english}
>  {en-CA/variant}  =>  {canadian}
>  {en-CA/options}  =>  {variant=canadian}
>  {en-GB/target}  =>  {english}
>  {en-GB/variant}  =>  {british}
>  {en-GB/options}  =>  {variant=british}
>  {en-NZ/target}  =>  {english}
>  {en-NZ/variant}  =>  {newzealand}
>  {en-NZ/options}  =>  {variant=newzealand}
>  {en-US/target}  =>  {english}
>  {en-US/variant}  =>  {us}
>  {en-US/options}  =>  {variant=us}
>  {american/target}  =>  {english}
>  {american/variant}  =>  {us}
>  {american/options}  =>  {variant=us}
>  {australian/target}  =>  {english}
>  {australian/variant}  =>  {australian}
>  {australian/options}  =>  {variant=australian}
>  {british/target}  =>  {english}
>  {british/variant}  =>  {british}
>  {british/options}  =>  {variant=british}
>  {canadian/target}  =>  {english}
>  {canadian/variant}  =>  {canadian}
>  {canadian/options}  =>  {variant=canadian}
>  {newzealand/target}  =>  {english}
>  {newzealand/variant}  =>  {newzealand}
>  {newzealand/options}  =>  {variant=newzealand}
>  {arabic/target}  =>  {arabic}
>  {ar/target}  =>  {arabic}
>  {ar-IQ/target}  =>  {arabic}
>  {ar-IQ/options}  =>  {locale=mashriq}
>  {ar-YE/target}  =>  {arabic}
>  {ar-YE/options}  =>  {locale=default}
>  {ar-LB/target}  =>  {arabic}
>  {ar-LB/options}  =>  {locale=mashriq}
>  {ar-JO/target}  =>  {arabic}
>  {ar-JO/options}  =>  {locale=mashriq}
>  {afb/target}  =>  {arabic}
>  {afb/options}  =>  {locale=default}
>  {ar-MR/target}  =>  {arabic}
>  {ar-MR/options}  =>  {locale=mauritania}
>  {arz/target}  =>  {arabic}
>  {arz/options}  =>  {locale=default}
>  {ary/target}  =>  {arabic}
>  {ary/options}  =>  {locale=morocco}
>  {arq/target}  =>  {arabic}
>  {arq/options}  =>  {locale=algeria}
>  {aeb/target}  =>  {arabic}
>  {aeb/options}  =>  {locale=tunisia}
>  {ar-SY/target}  =>  {arabic}
>  {ar-SY/options}  =>  {locale=mashriq}
>  {ayl/target}  =>  {arabic}
>  {ayl/options}  =>  {locale=libya}
>  {apd/target}  =>  {arabic}
>  {apd/options}  =>  {locale=default}
>  {ar-PS/target}  =>  {arabic}
>  {ar-PS/options}  =>  {locale=mashriq}.
 (./Neural_Assi3.aux
LaTeX Info: Redefining \rmfamily on input line 18.
LaTeX Info: Redefining \sffamily on input line 18.
LaTeX Info: Redefining \ttfamily on input line 18.
) ) 
Here is how much of TeX's memory you used:
 30656 strings out of 476689
 636058 string characters out of 5806614
 1875018 words of memory out of 6000000
 50238 multiletter control sequences out of 15000+600000
 525083 words of font info for 71 fonts, out of 8000000 for 9000
 1348 hyphenation exceptions out of 8191
 84i,12n,118p,1257b,977s stack positions out of 10000i,1000n,20000p,200000b,200000s

Output written on Neural_Assi3.pdf (38 pages).
